#
# There is insufficient memory for the Java Runtime Environment to continue.
# Native memory allocation (malloc) failed to allocate 2267952 bytes. Error detail: Chunk::new
# Possible reasons:
#   The system is out of physical RAM or swap space
#   This process is running with CompressedOops enabled, and the Java Heap may be blocking the growth of the native heap
# Possible solutions:
#   Reduce memory load on the system
#   Increase physical memory or swap space
#   Check if swap backing store is full
#   Decrease Java heap size (-Xmx/-Xms)
#   Decrease number of Java threads
#   Decrease Java thread stack sizes (-Xss)
#   Set larger code cache with -XX:ReservedCodeCacheSize=
#   JVM is running with Unscaled Compressed Oops mode in which the Java heap is
#     placed in the first 4GB address space. The Java Heap base address is the
#     maximum limit for the native heap growth. Please use -XX:HeapBaseMinAddress
#     to set the Java Heap base and to place the Java Heap above 4GB virtual address.
# This output file may be truncated or incomplete.
#
#  Out of Memory Error (arena.cpp:168), pid=19440, tid=12512
#
# JRE version: OpenJDK Runtime Environment Temurin-21.0.10+7 (21.0.10+7) (build 21.0.10+7-LTS)
# Java VM: OpenJDK 64-Bit Server VM Temurin-21.0.10+7 (21.0.10+7-LTS, mixed mode, sharing, tiered, compressed oops, compressed class ptrs, parallel gc, windows-amd64)
# No core dump will be written. Minidumps are not enabled by default on client versions of Windows
#

---------------  S U M M A R Y ------------

Command Line: --add-modules=ALL-SYSTEM --add-opens=java.base/java.util=ALL-UNNAMED --add-opens=java.base/java.lang=ALL-UNNAMED --add-opens=java.base/sun.nio.fs=ALL-UNNAMED -Declipse.application=org.eclipse.jdt.ls.core.id1 -Dosgi.bundles.defaultStartLevel=4 -Declipse.product=org.eclipse.jdt.ls.core.product -Djava.import.generatesMetadataFilesAtProjectRoot=false -DDetectVMInstallationsJob.disabled=true -Dfile.encoding=utf8 -XX:+UseParallelGC -XX:GCTimeRatio=4 -XX:AdaptiveSizePolicyWeight=90 -Dsun.zip.disableMemoryMapping=true -Xmx2G -Xms100m -Xlog:disable -javaagent:c:\Users\nojav\.vscode\extensions\redhat.java-1.54.0-win32-x64\lombok\lombok-1.18.39-4050.jar -XX:+HeapDumpOnOutOfMemoryError -XX:HeapDumpPath=c:\Users\nojav\AppData\Roaming\Code\User\workspaceStorage\0a3b3a735c581494aed4731b6750e3ea\redhat.java -Daether.dependencyCollector.impl=bf c:\Users\nojav\.vscode\extensions\redhat.java-1.54.0-win32-x64\server\plugins\org.eclipse.equinox.launcher_1.7.100.v20251111-0406.jar -configuration c:\Users\nojav\AppData\Roaming\Code\User\globalStorage\redhat.java\1.54.0\config_win -data c:\Users\nojav\AppData\Roaming\Code\User\workspaceStorage\0a3b3a735c581494aed4731b6750e3ea\redhat.java\jdt_ws --pipe=\\.\pipe\lsp-870542496f201f2f48e0a3d15a60ff4c-sock

Host: AMD Ryzen 5 3550H with Radeon Vega Mobile Gfx  , 8 cores, 9G,  Windows 11 , 64 bit Build 26100 (10.0.26100.8521)
Time: Mon Jun 22 20:42:49 2026 Hora est. Sudamérica Pacífico elapsed time: 82.026164 seconds (0d 0h 1m 22s)

---------------  T H R E A D  ---------------

Current thread (0x000002349af6da70):  JavaThread "C2 CompilerThread0" daemon [_thread_in_native, id=12512, stack(0x000000ebabd00000,0x000000ebabe00000) (1024K)]


Current CompileTask:
C2:82026 14742 % !   4       org.eclipse.jdt.internal.core.search.indexing.AddJarFileToIndex::execute @ 1001 (1557 bytes)

Stack: [0x000000ebabd00000,0x000000ebabe00000]
Native frames: (J=compiled Java code, j=interpreted, Vv=VM code, C=native code)
V  [jvm.dll+0x6d7a39]
V  [jvm.dll+0x8b4b26]
V  [jvm.dll+0x8b70de]
V  [jvm.dll+0x8b77c3]
V  [jvm.dll+0x284346]
V  [jvm.dll+0xc66ed]
V  [jvm.dll+0xc6c31]
V  [jvm.dll+0x3bec3b]
V  [jvm.dll+0x1e3f69]
V  [jvm.dll+0x24c6b3]
V  [jvm.dll+0x24bb40]
V  [jvm.dll+0x1cb34e]
V  [jvm.dll+0x25b85d]
V  [jvm.dll+0x259dea]
V  [jvm.dll+0x3f857e]
V  [jvm.dll+0x85f59d]
V  [jvm.dll+0x6d626d]
C  [ucrtbase.dll+0x2cd30]
C  [KERNEL32.DLL+0x2e957]
C  [ntdll.dll+0x87c1c]


---------------  P R O C E S S  ---------------

Threads class SMR info:
_java_thread_list=0x00000234e6a5dcd0, length=57, elements={
0x00000234828bb380, 0x000002348297b0a0, 0x000002348297d1c0, 0x000002349af57500,
0x000002349af59f70, 0x000002349af5ce20, 0x000002349af5ef10, 0x000002349af6da70,
0x000002349af71030, 0x00000234ddbe2d00, 0x00000234ddcea5e0, 0x00000234e2708430,
0x00000234e2923b60, 0x00000234e2919010, 0x00000234e273f910, 0x00000234e28e44c0,
0x00000234e2e933a0, 0x00000234e2bb5600, 0x00000234e2d816d0, 0x00000234e2d7e8e0,
0x00000234e2d7ef70, 0x00000234e2d7f600, 0x00000234e2d7fc90, 0x00000234e2d80320,
0x00000234e2d809b0, 0x00000234e2d81040, 0x00000234e2d81d60, 0x00000234e54efb70,
0x00000234e54ee130, 0x00000234e54ecd80, 0x00000234e54edaa0, 0x00000234e54f0890,
0x00000234e54ee7c0, 0x00000234e54eee50, 0x00000234e54ef4e0, 0x00000234e54f0200,
0x00000234e54ed410, 0x00000234e54f2ff0, 0x00000234e54f0f20, 0x00000234e54f2960,
0x00000234e54f15b0, 0x00000234e54f3680, 0x00000234e3c3c0b0, 0x00000234e3c3daf0,
0x00000234e3c3b390, 0x00000234e3c3c740, 0x00000234e3c3d460, 0x00000234e3c3ba20,
0x00000234e3c3e180, 0x00000234e3c3ad00, 0x00000234e3c41c90, 0x00000234e3c3eea0,
0x00000234e3c3f530, 0x00000234e3c3e810, 0x00000234e3c40f70, 0x00000234e3c40250,
0x00000234e3c3fbc0
}

Java Threads: ( => current thread )
  0x00000234828bb380 JavaThread "main"                              [_thread_blocked, id=8448, stack(0x000000ebab300000,0x000000ebab400000) (1024K)]
  0x000002348297b0a0 JavaThread "Reference Handler"          daemon [_thread_blocked, id=22644, stack(0x000000ebab700000,0x000000ebab800000) (1024K)]
  0x000002348297d1c0 JavaThread "Finalizer"                  daemon [_thread_blocked, id=18300, stack(0x000000ebab800000,0x000000ebab900000) (1024K)]
  0x000002349af57500 JavaThread "Signal Dispatcher"          daemon [_thread_blocked, id=13620, stack(0x000000ebab900000,0x000000ebaba00000) (1024K)]
  0x000002349af59f70 JavaThread "Attach Listener"            daemon [_thread_blocked, id=5208, stack(0x000000ebaba00000,0x000000ebabb00000) (1024K)]
  0x000002349af5ce20 JavaThread "Service Thread"             daemon [_thread_blocked, id=13656, stack(0x000000ebabb00000,0x000000ebabc00000) (1024K)]
  0x000002349af5ef10 JavaThread "Monitor Deflation Thread"   daemon [_thread_blocked, id=18892, stack(0x000000ebabc00000,0x000000ebabd00000) (1024K)]
=>0x000002349af6da70 JavaThread "C2 CompilerThread0"         daemon [_thread_in_native, id=12512, stack(0x000000ebabd00000,0x000000ebabe00000) (1024K)]
  0x000002349af71030 JavaThread "C1 CompilerThread0"         daemon [_thread_blocked, id=21440, stack(0x000000ebabe00000,0x000000ebabf00000) (1024K)]
  0x00000234ddbe2d00 JavaThread "Common-Cleaner"             daemon [_thread_blocked, id=21408, stack(0x000000ebac000000,0x000000ebac100000) (1024K)]
  0x00000234ddcea5e0 JavaThread "Notification Thread"        daemon [_thread_blocked, id=22544, stack(0x000000ebac100000,0x000000ebac200000) (1024K)]
  0x00000234e2708430 JavaThread "Active Thread: Equinox Container: 2706e7a9-f4b7-4f83-8104-328f4216ddeb"        [_thread_blocked, id=14196, stack(0x000000ebac900000,0x000000ebaca00000) (1024K)]
  0x00000234e2923b60 JavaThread "Refresh Thread: Equinox Container: 2706e7a9-f4b7-4f83-8104-328f4216ddeb" daemon [_thread_blocked, id=16984, stack(0x000000ebacb00000,0x000000ebacc00000) (1024K)]
  0x00000234e2919010 JavaThread "Framework Event Dispatcher: Equinox Container: 2706e7a9-f4b7-4f83-8104-328f4216ddeb" daemon [_thread_blocked, id=14380, stack(0x000000ebacc00000,0x000000ebacd00000) (1024K)]
  0x00000234e273f910 JavaThread "Start Level: Equinox Container: 2706e7a9-f4b7-4f83-8104-328f4216ddeb" daemon [_thread_blocked, id=13448, stack(0x000000ebacd00000,0x000000ebace00000) (1024K)]
  0x00000234e28e44c0 JavaThread "Bundle File Closer"         daemon [_thread_blocked, id=9612, stack(0x000000ebace00000,0x000000ebacf00000) (1024K)]
  0x00000234e2e933a0 JavaThread "SCR Component Actor"        daemon [_thread_blocked, id=10456, stack(0x000000ebabf00000,0x000000ebac000000) (1024K)]
  0x00000234e2bb5600 JavaThread "Worker-JM"                         [_thread_blocked, id=23508, stack(0x000000ebad000000,0x000000ebad100000) (1024K)]
  0x00000234e2d816d0 JavaThread "Worker-0"                          [_thread_blocked, id=17236, stack(0x000000ebad100000,0x000000ebad200000) (1024K)]
  0x00000234e2d7e8e0 JavaThread "Worker-1: Check JDK Index"         [_thread_blocked, id=20024, stack(0x000000ebad200000,0x000000ebad300000) (1024K)]
  0x00000234e2d7ef70 JavaThread "Java indexing"              daemon [_thread_in_Java, id=7436, stack(0x000000ebad300000,0x000000ebad400000) (1024K)]
  0x00000234e2d7f600 JavaThread "Worker-2"                          [_thread_blocked, id=22492, stack(0x000000ebad400000,0x000000ebad500000) (1024K)]
  0x00000234e2d7fc90 JavaThread "JNA Cleaner"                daemon [_thread_blocked, id=19608, stack(0x000000ebad500000,0x000000ebad600000) (1024K)]
  0x00000234e2d80320 JavaThread "Worker-3"                          [_thread_blocked, id=18792, stack(0x000000ebad900000,0x000000ebada00000) (1024K)]
  0x00000234e2d809b0 JavaThread "Worker-4"                          [_thread_blocked, id=14008, stack(0x000000ebada00000,0x000000ebadb00000) (1024K)]
  0x00000234e2d81040 JavaThread "Worker-5"                          [_thread_blocked, id=6472, stack(0x000000ebadb00000,0x000000ebadc00000) (1024K)]
  0x00000234e2d81d60 JavaThread "Thread-1"                   daemon [_thread_in_native, id=2680, stack(0x000000ebadc00000,0x000000ebadd00000) (1024K)]
  0x00000234e54efb70 JavaThread "Thread-2"                   daemon [_thread_in_native, id=564, stack(0x000000ebadd00000,0x000000ebade00000) (1024K)]
  0x00000234e54ee130 JavaThread "Thread-3"                   daemon [_thread_in_native, id=19704, stack(0x000000ebade00000,0x000000ebadf00000) (1024K)]
  0x00000234e54ecd80 JavaThread "Thread-4"                   daemon [_thread_in_native, id=3000, stack(0x000000ebadf00000,0x000000ebae000000) (1024K)]
  0x00000234e54edaa0 JavaThread "Thread-5"                   daemon [_thread_in_native, id=13996, stack(0x000000ebae000000,0x000000ebae100000) (1024K)]
  0x00000234e54f0890 JavaThread "Thread-6"                   daemon [_thread_in_native, id=568, stack(0x000000ebae100000,0x000000ebae200000) (1024K)]
  0x00000234e54ee7c0 JavaThread "Thread-7"                   daemon [_thread_in_native, id=2000, stack(0x000000ebae200000,0x000000ebae300000) (1024K)]
  0x00000234e54eee50 JavaThread "Thread-8"                   daemon [_thread_in_native, id=20696, stack(0x000000ebae300000,0x000000ebae400000) (1024K)]
  0x00000234e54ef4e0 JavaThread "Thread-9"                   daemon [_thread_in_native, id=20192, stack(0x000000ebae400000,0x000000ebae500000) (1024K)]
  0x00000234e54f0200 JavaThread "pool-2-thread-1"                   [_thread_blocked, id=1628, stack(0x000000ebae500000,0x000000ebae600000) (1024K)]
  0x00000234e54ed410 JavaThread "WorkspaceEventsHandler"            [_thread_blocked, id=23096, stack(0x000000ebae700000,0x000000ebae800000) (1024K)]
  0x00000234e54f2ff0 JavaThread "pool-1-thread-1"                   [_thread_blocked, id=19888, stack(0x000000ebae800000,0x000000ebae900000) (1024K)]
  0x00000234e54f0f20 JavaThread "Worker-6: Java indexing... "        [_thread_blocked, id=22728, stack(0x000000ebaeb00000,0x000000ebaec00000) (1024K)]
  0x00000234e54f2960 JavaThread "ForkJoinPool.commonPool-worker-1" daemon [_thread_blocked, id=5140, stack(0x000000ebae900000,0x000000ebaea00000) (1024K)]
  0x00000234e54f15b0 JavaThread "ForkJoinPool.commonPool-worker-2" daemon [_thread_blocked, id=15888, stack(0x000000ebaea00000,0x000000ebaeb00000) (1024K)]
  0x00000234e54f3680 JavaThread "ForkJoinPool.commonPool-worker-3" daemon [_thread_blocked, id=5940, stack(0x000000ebaec00000,0x000000ebaed00000) (1024K)]
  0x00000234e3c3c0b0 JavaThread "ForkJoinPool.commonPool-worker-4" daemon [_thread_blocked, id=20684, stack(0x000000ebaed00000,0x000000ebaee00000) (1024K)]
  0x00000234e3c3daf0 JavaThread "ForkJoinPool.commonPool-worker-5" daemon [_thread_blocked, id=9512, stack(0x000000ebaee00000,0x000000ebaef00000) (1024K)]
  0x00000234e3c3b390 JavaThread "Compiler Source File Reader" daemon [_thread_blocked, id=20672, stack(0x000000ebaef00000,0x000000ebaf000000) (1024K)]
  0x00000234e3c3c740 JavaThread "Compiler Source File Reader" daemon [_thread_blocked, id=21032, stack(0x000000ebaf000000,0x000000ebaf100000) (1024K)]
  0x00000234e3c3d460 JavaThread "Compiler Source File Reader" daemon [_thread_blocked, id=19924, stack(0x000000ebaf100000,0x000000ebaf200000) (1024K)]
  0x00000234e3c3ba20 JavaThread "Compiler Source File Reader" daemon [_thread_blocked, id=4520, stack(0x000000ebaf200000,0x000000ebaf300000) (1024K)]
  0x00000234e3c3e180 JavaThread "Compiler Source File Reader" daemon [_thread_blocked, id=15164, stack(0x000000ebaf300000,0x000000ebaf400000) (1024K)]
  0x00000234e3c3ad00 JavaThread "Compiler Source File Reader" daemon [_thread_blocked, id=22076, stack(0x000000ebaf400000,0x000000ebaf500000) (1024K)]
  0x00000234e3c41c90 JavaThread "Compiler Processing Task"   daemon [_thread_blocked, id=22460, stack(0x000000ebacf00000,0x000000ebad000000) (1024K)]
  0x00000234e3c3eea0 JavaThread "Compiler Class File Writer" daemon [_thread_blocked, id=15112, stack(0x000000ebaf600000,0x000000ebaf700000) (1024K)]
  0x00000234e3c3f530 JavaThread "Compiler Class File Writer" daemon [_thread_blocked, id=22620, stack(0x000000ebaf700000,0x000000ebaf800000) (1024K)]
  0x00000234e3c3e810 JavaThread "Compiler Class File Writer" daemon [_thread_blocked, id=18276, stack(0x000000ebaf800000,0x000000ebaf900000) (1024K)]
  0x00000234e3c40f70 JavaThread "Compiler Class File Writer" daemon [_thread_blocked, id=21564, stack(0x000000ebaf900000,0x000000ebafa00000) (1024K)]
  0x00000234e3c40250 JavaThread "Compiler Class File Writer" daemon [_thread_blocked, id=19536, stack(0x000000ebafa00000,0x000000ebafb00000) (1024K)]
  0x00000234e3c3fbc0 JavaThread "Compiler Class File Writer" daemon [_thread_blocked, id=14568, stack(0x000000ebafb00000,0x000000ebafc00000) (1024K)]
Total: 57

Other Threads:
  0x000002348295ec20 VMThread "VM Thread"                           [id=21848, stack(0x000000ebab600000,0x000000ebab700000) (1024K)]
  0x000002349ae6ba00 WatcherThread "VM Periodic Task Thread"        [id=15780, stack(0x000000ebab500000,0x000000ebab600000) (1024K)]
  0x00000234828d9570 WorkerThread "GC Thread#0"                     [id=13308, stack(0x000000ebab400000,0x000000ebab500000) (1024K)]
  0x00000234e25a2b70 WorkerThread "GC Thread#1"                     [id=9784, stack(0x000000ebac300000,0x000000ebac400000) (1024K)]
  0x00000234e25bb240 WorkerThread "GC Thread#2"                     [id=11608, stack(0x000000ebac400000,0x000000ebac500000) (1024K)]
  0x00000234e223e750 WorkerThread "GC Thread#3"                     [id=8060, stack(0x000000ebac500000,0x000000ebac600000) (1024K)]
  0x00000234e223eb00 WorkerThread "GC Thread#4"                     [id=22988, stack(0x000000ebac600000,0x000000ebac700000) (1024K)]
  0x00000234e223eeb0 WorkerThread "GC Thread#5"                     [id=18192, stack(0x000000ebac700000,0x000000ebac800000) (1024K)]
  0x00000234e268b0c0 WorkerThread "GC Thread#6"                     [id=22032, stack(0x000000ebac800000,0x000000ebac900000) (1024K)]
  0x00000234e274a5d0 WorkerThread "GC Thread#7"                     [id=6280, stack(0x000000ebaca00000,0x000000ebacb00000) (1024K)]
Total: 10

Threads with active compile tasks:
C2 CompilerThread0  82063 14742 % !   4       org.eclipse.jdt.internal.core.search.indexing.AddJarFileToIndex::execute @ 1001 (1557 bytes)
Total: 1

VM state: not at safepoint (normal execution)

VM Mutex/Monitor currently owned by a thread: None

Heap address: 0x0000000080000000, size: 2048 MB, Compressed Oops mode: 32-bit

CDS archive(s) mapped at: [0x000002349b000000-0x000002349bba0000-0x000002349bba0000), size 12189696, SharedBaseAddress: 0x000002349b000000, ArchiveRelocationMode: 1.
Compressed class space mapped at: 0x000002349c000000-0x00000234dc000000, reserved size: 1073741824
Narrow klass base: 0x000002349b000000, Narrow klass shift: 0, Narrow klass range: 0x100000000

GC Precious Log:
 CardTable entry size: 512
 CPUs: 8 total, 8 available
 Memory: 10178M
 Large Page Support: Disabled
 NUMA Support: Disabled
 Compressed Oops: Enabled (32-bit)
 Alignments: Space 512K, Generation 512K, Heap 2M
 Heap Min Capacity: 100M
 Heap Initial Capacity: 100M
 Heap Max Capacity: 2G
 Pre-touch: Disabled
 Parallel Workers: 8

Heap:
 PSYoungGen      total 9216K, used 4734K [0x00000000d5580000, 0x00000000d6180000, 0x0000000100000000)
  eden space 7680K, 48% used [0x00000000d5580000,0x00000000d5927908,0x00000000d5d00000)
  from space 1536K, 64% used [0x00000000d5d00000,0x00000000d5df8000,0x00000000d5e80000)
  to   space 1536K, 0% used [0x00000000d6000000,0x00000000d6000000,0x00000000d6180000)
 ParOldGen       total 358912K, used 358471K [0x0000000080000000, 0x0000000095e80000, 0x00000000d5580000)
  object space 358912K, 99% used [0x0000000080000000,0x0000000095e11f48,0x0000000095e80000)
 Metaspace       used 74190K, committed 75776K, reserved 1179648K
  class space    used 7890K, committed 8576K, reserved 1048576K

Card table byte_map: [0x00000234962a0000,0x00000234966b0000] _byte_map_base: 0x0000023495ea0000

Marking Bits: (ParMarkBitMap*) 0x00007ffe06da3450
 Begin Bits: [0x0000023496960000, 0x0000023498960000)
 End Bits:   [0x0000023498960000, 0x000002349a960000)

Polling page: 0x0000023482980000

Metaspace:

Usage:
  Non-class:     64.75 MB used.
      Class:      7.71 MB used.
       Both:     72.45 MB used.

Virtual space:
  Non-class space:      128.00 MB reserved,      65.62 MB ( 51%) committed,  2 nodes.
      Class space:        1.00 GB reserved,       8.38 MB ( <1%) committed,  1 nodes.
             Both:        1.12 GB reserved,      74.00 MB (  6%) committed. 

Chunk freelists:
   Non-Class:  14.05 MB
       Class:  7.60 MB
        Both:  21.65 MB

MaxMetaspaceSize: unlimited
CompressedClassSpaceSize: 1.00 GB
Initial GC threshold: 21.00 MB
Current GC threshold: 123.12 MB
CDS: on
 - commit_granule_bytes: 65536.
 - commit_granule_words: 8192.
 - virtual_space_node_default_size: 8388608.
 - enlarge_chunks_in_place: 1.
 - use_allocation_guard: 0.


Internal statistics:

num_allocs_failed_limit: 9.
num_arena_births: 1274.
num_arena_deaths: 54.
num_vsnodes_births: 3.
num_vsnodes_deaths: 0.
num_space_committed: 1184.
num_space_uncommitted: 0.
num_chunks_returned_to_freelist: 81.
num_chunks_taken_from_freelist: 4624.
num_chunk_merges: 18.
num_chunk_splits: 2782.
num_chunks_enlarged: 1568.
num_inconsistent_stats: 0.

CodeHeap 'non-profiled nmethods': size=120000Kb used=10516Kb max_used=10943Kb free=109483Kb
 bounds [0x000002348eb90000, 0x000002348f650000, 0x00000234960c0000]
CodeHeap 'profiled nmethods': size=120000Kb used=28803Kb max_used=32053Kb free=91196Kb
 bounds [0x00000234870c0000, 0x0000023489020000, 0x000002348e5f0000]
CodeHeap 'non-nmethods': size=5760Kb used=1477Kb max_used=1576Kb free=4282Kb
 bounds [0x000002348e5f0000, 0x000002348e860000, 0x000002348eb90000]
CodeCache: size=245760Kb, used=40796Kb, max_used=44572Kb, free=204961Kb
 total_blobs=13620, nmethods=12824, adapters=700, full_count=0
Compilation: enabled, stopped_count=0, restarted_count=0

Compilation events (20 events):
Event: 68.436 Thread 0x000002349af71030 nmethod 14734 0x000002348754b390 code [0x000002348754b740, 0x000002348754d6a8]
Event: 73.951 Thread 0x000002349af71030 14735       3       org.eclipse.jdt.internal.compiler.util.HashtableOfIntValues::<init> (48 bytes)
Event: 73.952 Thread 0x000002349af71030 nmethod 14735 0x0000023487154690 code [0x0000023487154860, 0x0000023487154b90]
Event: 75.989 Thread 0x000002349af71030 14736       3       java.util.Formatter$FormatSpecifier::localizedMagnitude (381 bytes)
Event: 75.992 Thread 0x000002349af71030 nmethod 14736 0x00000234879f9110 code [0x00000234879f9540, 0x00000234879fb200]
Event: 75.992 Thread 0x000002349af71030 14737       3       com.google.gson.stream.JsonWriter::value (173 bytes)
Event: 75.993 Thread 0x000002349af71030 nmethod 14737 0x00000234871dbc10 code [0x00000234871dc020, 0x00000234871dd560]
Event: 75.999 Thread 0x000002349af6da70 14738       4       org.eclipse.jdt.ls.core.internal.handlers.ProgressReporterManager$ProgressReporter::worked (15 bytes)
Event: 76.003 Thread 0x000002349af6da70 nmethod 14738 0x000002348ee9a610 code [0x000002348ee9a7e0, 0x000002348ee9aa20]
Event: 76.021 Thread 0x000002349af6da70 14739   !   4       java.io.BufferedWriter::write (82 bytes)
Event: 76.028 Thread 0x000002349af6da70 nmethod 14739 0x000002348ee51b90 code [0x000002348ee51da0, 0x000002348ee52420]
Event: 76.068 Thread 0x000002349af71030 14740       3       org.eclipse.jdt.internal.compiler.util.SimpleSet::<init> (36 bytes)
Event: 76.068 Thread 0x000002349af71030 nmethod 14740 0x000002348724db10 code [0x000002348724dcc0, 0x000002348724df28]
Event: 76.173 Thread 0x000002349af71030 14741       1       org.eclipse.jdt.internal.compiler.classfmt.ModuleInfo$ServiceInfo::name (5 bytes)
Event: 76.173 Thread 0x000002349af71030 nmethod 14741 0x000002348ef00690 code [0x000002348ef00820, 0x000002348ef008e8]
Event: 76.199 Thread 0x000002349af6da70 14742 % !   4       org.eclipse.jdt.internal.core.search.indexing.AddJarFileToIndex::execute @ 1001 (1557 bytes)
Event: 76.212 Thread 0x000002349af71030 14743  s    3       sun.security.provider.AbstractDrbg::instantiateIfNecessary (60 bytes)
Event: 76.212 Thread 0x000002349af71030 nmethod 14743 0x00000234872b3510 code [0x00000234872b3700, 0x00000234872b3b50]
Event: 76.213 Thread 0x000002349af71030 14744  s    3       sun.security.provider.HashDrbg::generateAlgorithm (188 bytes)
Event: 76.214 Thread 0x000002349af71030 nmethod 14744 0x0000023487580610 code [0x0000023487580960, 0x0000023487582788]

GC Heap History (20 events):
Event: 76.189 GC heap after
{Heap after GC invocations=970 (full 4):
 PSYoungGen      total 7168K, used 507K [0x00000000d5580000, 0x00000000d5f80000, 0x0000000100000000)
  eden space 6656K, 0% used [0x00000000d5580000,0x00000000d5580000,0x00000000d5c00000)
  from space 512K, 99% used [0x00000000d5d80000,0x00000000d5dfec08,0x00000000d5e00000)
  to   space 1536K, 0% used [0x00000000d5c00000,0x00000000d5c00000,0x00000000d5d80000)
 ParOldGen       total 350720K, used 350399K [0x0000000080000000, 0x0000000095680000, 0x00000000d5580000)
  object space 350720K, 99% used [0x0000000080000000,0x000000009562fc68,0x0000000095680000)
 Metaspace       used 74188K, committed 75776K, reserved 1179648K
  class space    used 7890K, committed 8576K, reserved 1048576K
}
Event: 77.224 GC heap before
{Heap before GC invocations=971 (full 4):
 PSYoungGen      total 7168K, used 7163K [0x00000000d5580000, 0x00000000d5f80000, 0x0000000100000000)
  eden space 6656K, 100% used [0x00000000d5580000,0x00000000d5c00000,0x00000000d5c00000)
  from space 512K, 99% used [0x00000000d5d80000,0x00000000d5dfec08,0x00000000d5e00000)
  to   space 1536K, 0% used [0x00000000d5c00000,0x00000000d5c00000,0x00000000d5d80000)
 ParOldGen       total 350720K, used 350399K [0x0000000080000000, 0x0000000095680000, 0x00000000d5580000)
  object space 350720K, 99% used [0x0000000080000000,0x000000009562fc68,0x0000000095680000)
 Metaspace       used 74190K, committed 75776K, reserved 1179648K
  class space    used 7890K, committed 8576K, reserved 1048576K
}
Event: 77.226 GC heap after
{Heap after GC invocations=971 (full 4):
 PSYoungGen      total 7680K, used 886K [0x00000000d5580000, 0x00000000d5e00000, 0x0000000100000000)
  eden space 6656K, 0% used [0x00000000d5580000,0x00000000d5580000,0x00000000d5c00000)
  from space 1024K, 86% used [0x00000000d5c00000,0x00000000d5cdd808,0x00000000d5d00000)
  to   space 1024K, 0% used [0x00000000d5d00000,0x00000000d5d00000,0x00000000d5e00000)
 ParOldGen       total 351232K, used 350895K [0x0000000080000000, 0x0000000095700000, 0x00000000d5580000)
  object space 351232K, 99% used [0x0000000080000000,0x00000000956abc68,0x0000000095700000)
 Metaspace       used 74190K, committed 75776K, reserved 1179648K
  class space    used 7890K, committed 8576K, reserved 1048576K
}
Event: 77.239 GC heap before
{Heap before GC invocations=972 (full 4):
 PSYoungGen      total 7680K, used 7542K [0x00000000d5580000, 0x00000000d5e00000, 0x0000000100000000)
  eden space 6656K, 100% used [0x00000000d5580000,0x00000000d5c00000,0x00000000d5c00000)
  from space 1024K, 86% used [0x00000000d5c00000,0x00000000d5cdd808,0x00000000d5d00000)
  to   space 1024K, 0% used [0x00000000d5d00000,0x00000000d5d00000,0x00000000d5e00000)
 ParOldGen       total 351232K, used 350895K [0x0000000080000000, 0x0000000095700000, 0x00000000d5580000)
  object space 351232K, 99% used [0x0000000080000000,0x00000000956abc68,0x0000000095700000)
 Metaspace       used 74190K, committed 75776K, reserved 1179648K
  class space    used 7890K, committed 8576K, reserved 1048576K
}
Event: 80.273 GC heap after
{Heap after GC invocations=972 (full 4):
 PSYoungGen      total 7680K, used 864K [0x00000000d5580000, 0x00000000d5e00000, 0x0000000100000000)
  eden space 6656K, 0% used [0x00000000d5580000,0x00000000d5580000,0x00000000d5c00000)
  from space 1024K, 84% used [0x00000000d5d00000,0x00000000d5dd8000,0x00000000d5e00000)
  to   space 1024K, 0% used [0x00000000d5c00000,0x00000000d5c00000,0x00000000d5d00000)
 ParOldGen       total 351744K, used 351642K [0x0000000080000000, 0x0000000095780000, 0x00000000d5580000)
  object space 351744K, 99% used [0x0000000080000000,0x00000000957669e0,0x0000000095780000)
 Metaspace       used 74190K, committed 75776K, reserved 1179648K
  class space    used 7890K, committed 8576K, reserved 1048576K
}
Event: 80.351 GC heap before
{Heap before GC invocations=973 (full 4):
 PSYoungGen      total 7680K, used 7520K [0x00000000d5580000, 0x00000000d5e00000, 0x0000000100000000)
  eden space 6656K, 100% used [0x00000000d5580000,0x00000000d5c00000,0x00000000d5c00000)
  from space 1024K, 84% used [0x00000000d5d00000,0x00000000d5dd8000,0x00000000d5e00000)
  to   space 1024K, 0% used [0x00000000d5c00000,0x00000000d5c00000,0x00000000d5d00000)
 ParOldGen       total 351744K, used 351642K [0x0000000080000000, 0x0000000095780000, 0x00000000d5580000)
  object space 351744K, 99% used [0x0000000080000000,0x00000000957669e0,0x0000000095780000)
 Metaspace       used 74190K, committed 75776K, reserved 1179648K
  class space    used 7890K, committed 8576K, reserved 1048576K
}
Event: 80.354 GC heap after
{Heap after GC invocations=973 (full 4):
 PSYoungGen      total 7680K, used 800K [0x00000000d5580000, 0x00000000d5f80000, 0x0000000100000000)
  eden space 6656K, 0% used [0x00000000d5580000,0x00000000d5580000,0x00000000d5c00000)
  from space 1024K, 78% used [0x00000000d5c00000,0x00000000d5cc8230,0x00000000d5d00000)
  to   space 1024K, 0% used [0x00000000d5e80000,0x00000000d5e80000,0x00000000d5f80000)
 ParOldGen       total 352768K, used 352389K [0x0000000080000000, 0x0000000095880000, 0x00000000d5580000)
  object space 352768K, 99% used [0x0000000080000000,0x00000000958215e8,0x0000000095880000)
 Metaspace       used 74190K, committed 75776K, reserved 1179648K
  class space    used 7890K, committed 8576K, reserved 1048576K
}
Event: 80.416 GC heap before
{Heap before GC invocations=974 (full 4):
 PSYoungGen      total 7680K, used 7455K [0x00000000d5580000, 0x00000000d5f80000, 0x0000000100000000)
  eden space 6656K, 99% used [0x00000000d5580000,0x00000000d5bffb50,0x00000000d5c00000)
  from space 1024K, 78% used [0x00000000d5c00000,0x00000000d5cc8230,0x00000000d5d00000)
  to   space 1024K, 0% used [0x00000000d5e80000,0x00000000d5e80000,0x00000000d5f80000)
 ParOldGen       total 352768K, used 352389K [0x0000000080000000, 0x0000000095880000, 0x00000000d5580000)
  object space 352768K, 99% used [0x0000000080000000,0x00000000958215e8,0x0000000095880000)
 Metaspace       used 74190K, committed 75776K, reserved 1179648K
  class space    used 7890K, committed 8576K, reserved 1048576K
}
Event: 80.418 GC heap after
{Heap after GC invocations=974 (full 4):
 PSYoungGen      total 9216K, used 920K [0x00000000d5580000, 0x00000000d5f80000, 0x0000000100000000)
  eden space 8192K, 0% used [0x00000000d5580000,0x00000000d5580000,0x00000000d5d80000)
  from space 1024K, 89% used [0x00000000d5e80000,0x00000000d5f66098,0x00000000d5f80000)
  to   space 1024K, 0% used [0x00000000d5d80000,0x00000000d5d80000,0x00000000d5e80000)
 ParOldGen       total 353280K, used 353125K [0x0000000080000000, 0x0000000095900000, 0x00000000d5580000)
  object space 353280K, 99% used [0x0000000080000000,0x00000000958d9688,0x0000000095900000)
 Metaspace       used 74190K, committed 75776K, reserved 1179648K
  class space    used 7890K, committed 8576K, reserved 1048576K
}
Event: 80.451 GC heap before
{Heap before GC invocations=975 (full 4):
 PSYoungGen      total 9216K, used 9112K [0x00000000d5580000, 0x00000000d5f80000, 0x0000000100000000)
  eden space 8192K, 100% used [0x00000000d5580000,0x00000000d5d80000,0x00000000d5d80000)
  from space 1024K, 89% used [0x00000000d5e80000,0x00000000d5f66098,0x00000000d5f80000)
  to   space 1024K, 0% used [0x00000000d5d80000,0x00000000d5d80000,0x00000000d5e80000)
 ParOldGen       total 353280K, used 353125K [0x0000000080000000, 0x0000000095900000, 0x00000000d5580000)
  object space 353280K, 99% used [0x0000000080000000,0x00000000958d9688,0x0000000095900000)
 Metaspace       used 74190K, committed 75776K, reserved 1179648K
  class space    used 7890K, committed 8576K, reserved 1048576K
}
Event: 80.453 GC heap after
{Heap after GC invocations=975 (full 4):
 PSYoungGen      total 9216K, used 928K [0x00000000d5580000, 0x00000000d5f80000, 0x0000000100000000)
  eden space 8192K, 0% used [0x00000000d5580000,0x00000000d5580000,0x00000000d5d80000)
  from space 1024K, 90% used [0x00000000d5d80000,0x00000000d5e68000,0x00000000d5e80000)
  to   space 1024K, 0% used [0x00000000d5e80000,0x00000000d5e80000,0x00000000d5f80000)
 ParOldGen       total 354304K, used 353875K [0x0000000080000000, 0x0000000095a00000, 0x00000000d5580000)
  object space 354304K, 99% used [0x0000000080000000,0x0000000095994e90,0x0000000095a00000)
 Metaspace       used 74190K, committed 75776K, reserved 1179648K
  class space    used 7890K, committed 8576K, reserved 1048576K
}
Event: 80.516 GC heap before
{Heap before GC invocations=976 (full 4):
 PSYoungGen      total 9216K, used 9120K [0x00000000d5580000, 0x00000000d5f80000, 0x0000000100000000)
  eden space 8192K, 100% used [0x00000000d5580000,0x00000000d5d80000,0x00000000d5d80000)
  from space 1024K, 90% used [0x00000000d5d80000,0x00000000d5e68000,0x00000000d5e80000)
  to   space 1024K, 0% used [0x00000000d5e80000,0x00000000d5e80000,0x00000000d5f80000)
 ParOldGen       total 354304K, used 353875K [0x0000000080000000, 0x0000000095a00000, 0x00000000d5580000)
  object space 354304K, 99% used [0x0000000080000000,0x0000000095994e90,0x0000000095a00000)
 Metaspace       used 74190K, committed 75776K, reserved 1179648K
  class space    used 7890K, committed 8576K, reserved 1048576K
}
Event: 80.518 GC heap after
{Heap after GC invocations=976 (full 4):
 PSYoungGen      total 9216K, used 736K [0x00000000d5580000, 0x00000000d5f80000, 0x0000000100000000)
  eden space 8192K, 0% used [0x00000000d5580000,0x00000000d5580000,0x00000000d5d80000)
  from space 1024K, 71% used [0x00000000d5e80000,0x00000000d5f38000,0x00000000d5f80000)
  to   space 1024K, 0% used [0x00000000d5d80000,0x00000000d5d80000,0x00000000d5e80000)
 ParOldGen       total 354816K, used 354691K [0x0000000080000000, 0x0000000095a80000, 0x00000000d5580000)
  object space 354816K, 99% used [0x0000000080000000,0x0000000095a60e90,0x0000000095a80000)
 Metaspace       used 74190K, committed 75776K, reserved 1179648K
  class space    used 7890K, committed 8576K, reserved 1048576K
}
Event: 80.644 GC heap before
{Heap before GC invocations=977 (full 4):
 PSYoungGen      total 9216K, used 8928K [0x00000000d5580000, 0x00000000d5f80000, 0x0000000100000000)
  eden space 8192K, 100% used [0x00000000d5580000,0x00000000d5d80000,0x00000000d5d80000)
  from space 1024K, 71% used [0x00000000d5e80000,0x00000000d5f38000,0x00000000d5f80000)
  to   space 1024K, 0% used [0x00000000d5d80000,0x00000000d5d80000,0x00000000d5e80000)
 ParOldGen       total 354816K, used 354691K [0x0000000080000000, 0x0000000095a80000, 0x00000000d5580000)
  object space 354816K, 99% used [0x0000000080000000,0x0000000095a60e90,0x0000000095a80000)
 Metaspace       used 74190K, committed 75776K, reserved 1179648K
  class space    used 7890K, committed 8576K, reserved 1048576K
}
Event: 80.646 GC heap after
{Heap after GC invocations=977 (full 4):
 PSYoungGen      total 9216K, used 402K [0x00000000d5580000, 0x00000000d5f80000, 0x0000000100000000)
  eden space 8192K, 0% used [0x00000000d5580000,0x00000000d5580000,0x00000000d5d80000)
  from space 1024K, 39% used [0x00000000d5d80000,0x00000000d5de4858,0x00000000d5e80000)
  to   space 1024K, 0% used [0x00000000d5e80000,0x00000000d5e80000,0x00000000d5f80000)
 ParOldGen       total 355328K, used 355305K [0x0000000080000000, 0x0000000095b00000, 0x00000000d5580000)
  object space 355328K, 99% used [0x0000000080000000,0x0000000095afa4a0,0x0000000095b00000)
 Metaspace       used 74190K, committed 75776K, reserved 1179648K
  class space    used 7890K, committed 8576K, reserved 1048576K
}
Event: 80.699 GC heap before
{Heap before GC invocations=978 (full 4):
 PSYoungGen      total 9216K, used 8594K [0x00000000d5580000, 0x00000000d5f80000, 0x0000000100000000)
  eden space 8192K, 100% used [0x00000000d5580000,0x00000000d5d80000,0x00000000d5d80000)
  from space 1024K, 39% used [0x00000000d5d80000,0x00000000d5de4858,0x00000000d5e80000)
  to   space 1024K, 0% used [0x00000000d5e80000,0x00000000d5e80000,0x00000000d5f80000)
 ParOldGen       total 355328K, used 355305K [0x0000000080000000, 0x0000000095b00000, 0x00000000d5580000)
  object space 355328K, 99% used [0x0000000080000000,0x0000000095afa4a0,0x0000000095b00000)
 Metaspace       used 74190K, committed 75776K, reserved 1179648K
  class space    used 7890K, committed 8576K, reserved 1048576K
}
Event: 80.701 GC heap after
{Heap after GC invocations=978 (full 4):
 PSYoungGen      total 8704K, used 1024K [0x00000000d5580000, 0x00000000d6080000, 0x0000000100000000)
  eden space 7680K, 0% used [0x00000000d5580000,0x00000000d5580000,0x00000000d5d00000)
  from space 1024K, 100% used [0x00000000d5e80000,0x00000000d5f80000,0x00000000d5f80000)
  to   space 1536K, 0% used [0x00000000d5d00000,0x00000000d5d00000,0x00000000d5e80000)
 ParOldGen       total 355840K, used 355611K [0x0000000080000000, 0x0000000095b80000, 0x00000000d5580000)
  object space 355840K, 99% used [0x0000000080000000,0x0000000095b46f40,0x0000000095b80000)
 Metaspace       used 74190K, committed 75776K, reserved 1179648K
  class space    used 7890K, committed 8576K, reserved 1048576K
}
Event: 80.739 GC heap before
{Heap before GC invocations=979 (full 4):
 PSYoungGen      total 8704K, used 8704K [0x00000000d5580000, 0x00000000d6080000, 0x0000000100000000)
  eden space 7680K, 100% used [0x00000000d5580000,0x00000000d5d00000,0x00000000d5d00000)
  from space 1024K, 100% used [0x00000000d5e80000,0x00000000d5f80000,0x00000000d5f80000)
  to   space 1536K, 0% used [0x00000000d5d00000,0x00000000d5d00000,0x00000000d5e80000)
 ParOldGen       total 355840K, used 355611K [0x0000000080000000, 0x0000000095b80000, 0x00000000d5580000)
  object space 355840K, 99% used [0x0000000080000000,0x0000000095b46f40,0x0000000095b80000)
 Metaspace       used 74190K, committed 75776K, reserved 1179648K
  class space    used 7890K, committed 8576K, reserved 1048576K
}
Event: 80.740 GC heap after
{Heap after GC invocations=979 (full 4):
 PSYoungGen      total 9216K, used 1014K [0x00000000d5580000, 0x00000000d6000000, 0x0000000100000000)
  eden space 7680K, 0% used [0x00000000d5580000,0x00000000d5580000,0x00000000d5d00000)
  from space 1536K, 66% used [0x00000000d5d00000,0x00000000d5dfd808,0x00000000d5e80000)
  to   space 1536K, 0% used [0x00000000d5e80000,0x00000000d5e80000,0x00000000d6000000)
 ParOldGen       total 356864K, used 356603K [0x0000000080000000, 0x0000000095c80000, 0x00000000d5580000)
  object space 356864K, 99% used [0x0000000080000000,0x0000000095c3ef40,0x0000000095c80000)
 Metaspace       used 74190K, committed 75776K, reserved 1179648K
  class space    used 7890K, committed 8576K, reserved 1048576K
}
Event: 80.785 GC heap before
{Heap before GC invocations=980 (full 4):
 PSYoungGen      total 9216K, used 8694K [0x00000000d5580000, 0x00000000d6000000, 0x0000000100000000)
  eden space 7680K, 100% used [0x00000000d5580000,0x00000000d5d00000,0x00000000d5d00000)
  from space 1536K, 66% used [0x00000000d5d00000,0x00000000d5dfd808,0x00000000d5e80000)
  to   space 1536K, 0% used [0x00000000d5e80000,0x00000000d5e80000,0x00000000d6000000)
 ParOldGen       total 356864K, used 356603K [0x0000000080000000, 0x0000000095c80000, 0x00000000d5580000)
  object space 356864K, 99% used [0x0000000080000000,0x0000000095c3ef40,0x0000000095c80000)
 Metaspace       used 74190K, committed 75776K, reserved 1179648K
  class space    used 7890K, committed 8576K, reserved 1048576K
}

Dll operation events (14 events):
Event: 0.017 Loaded shared library c:\Users\nojav\.vscode\extensions\redhat.java-1.54.0-win32-x64\jre\21.0.10-win32-x86_64\bin\java.dll
Event: 0.101 Loaded shared library c:\Users\nojav\.vscode\extensions\redhat.java-1.54.0-win32-x64\jre\21.0.10-win32-x86_64\bin\zip.dll
Event: 0.129 Loaded shared library C:\Users\nojav\.vscode\extensions\redhat.java-1.54.0-win32-x64\jre\21.0.10-win32-x86_64\bin\instrument.dll
Event: 0.135 Loaded shared library C:\Users\nojav\.vscode\extensions\redhat.java-1.54.0-win32-x64\jre\21.0.10-win32-x86_64\bin\net.dll
Event: 0.138 Loaded shared library C:\Users\nojav\.vscode\extensions\redhat.java-1.54.0-win32-x64\jre\21.0.10-win32-x86_64\bin\nio.dll
Event: 0.144 Loaded shared library C:\Users\nojav\.vscode\extensions\redhat.java-1.54.0-win32-x64\jre\21.0.10-win32-x86_64\bin\zip.dll
Event: 0.166 Loaded shared library C:\Users\nojav\.vscode\extensions\redhat.java-1.54.0-win32-x64\jre\21.0.10-win32-x86_64\bin\jimage.dll
Event: 0.266 Loaded shared library c:\Users\nojav\.vscode\extensions\redhat.java-1.54.0-win32-x64\jre\21.0.10-win32-x86_64\bin\verify.dll
Event: 1.820 Loaded shared library C:\Users\nojav\AppData\Roaming\Code\User\globalStorage\redhat.java\1.54.0\config_win\org.eclipse.equinox.launcher\org.eclipse.equinox.launcher.win32.win32.x86_64_1.3.0.v20260203-2149\eclipse_11919.dll
Event: 5.122 Loaded shared library C:\Users\nojav\.vscode\extensions\redhat.java-1.54.0-win32-x64\jre\21.0.10-win32-x86_64\bin\management.dll
Event: 5.127 Loaded shared library C:\Users\nojav\.vscode\extensions\redhat.java-1.54.0-win32-x64\jre\21.0.10-win32-x86_64\bin\management_ext.dll
Event: 6.826 Loaded shared library C:\Users\nojav\AppData\Local\Temp\jna-104999102\jna3401322524656965260.dll
Event: 7.444 Loaded shared library C:\Users\nojav\.vscode\extensions\redhat.java-1.54.0-win32-x64\jre\21.0.10-win32-x86_64\bin\sunmscapi.dll
Event: 7.588 Loaded shared library C:\Users\nojav\.vscode\extensions\redhat.java-1.54.0-win32-x64\jre\21.0.10-win32-x86_64\bin\extnet.dll

Deoptimization events (20 events):
Event: 62.877 Thread 0x00000234e2d7ef70 Uncommon trap: trap_request=0xffffff45 fr.pc=0x000002348f3d6ba0 relative=0x00000000000003a0
Event: 62.877 Thread 0x00000234e2d7ef70 Uncommon trap: reason=unstable_if action=reinterpret pc=0x000002348f3d6ba0 method=org.eclipse.jdt.internal.compiler.parser.Scanner.internalScanIdentifierOrKeyword(II[C)Lorg/eclipse/jdt/internal/compiler/parser/TerminalToken; @ 687 c2
Event: 62.877 Thread 0x00000234e2d7ef70 DEOPT PACKING pc=0x000002348f3d6ba0 sp=0x000000ebad3ff0a0
Event: 62.878 Thread 0x00000234e2d7ef70 DEOPT UNPACKING pc=0x000002348e643aa2 sp=0x000000ebad3ff040 mode 2
Event: 62.996 Thread 0x00000234e2d7ef70 Uncommon trap: trap_request=0xffffffcc fr.pc=0x000002348ec7b1a4 relative=0x0000000000000164
Event: 62.996 Thread 0x00000234e2d7ef70 Uncommon trap: reason=intrinsic_or_type_checked_inlining action=make_not_entrant pc=0x000002348ec7b1a4 method=java.util.ArrayList$SubList.toArray([Ljava/lang/Object;)[Ljava/lang/Object; @ 58 c2
Event: 62.996 Thread 0x00000234e2d7ef70 DEOPT PACKING pc=0x000002348ec7b1a4 sp=0x000000ebad3fee40
Event: 62.996 Thread 0x00000234e2d7ef70 DEOPT UNPACKING pc=0x000002348e643aa2 sp=0x000000ebad3fede0 mode 2
Event: 63.208 Thread 0x00000234e2d7ef70 Uncommon trap: trap_request=0xffffff45 fr.pc=0x000002348f63dda0 relative=0x0000000000001420
Event: 63.209 Thread 0x00000234e2d7ef70 Uncommon trap: reason=unstable_if action=reinterpret pc=0x000002348f63dda0 method=org.eclipse.jdt.internal.core.index.DiskIndex.writeStreamInt(Ljava/io/OutputStream;I)V @ 9 c2
Event: 63.209 Thread 0x00000234e2d7ef70 DEOPT PACKING pc=0x000002348f63dda0 sp=0x000000ebad3feed0
Event: 63.209 Thread 0x00000234e2d7ef70 DEOPT UNPACKING pc=0x000002348e643aa2 sp=0x000000ebad3fee10 mode 2
Event: 63.451 Thread 0x00000234e2d7ef70 DEOPT PACKING pc=0x000002348862a5dc sp=0x000000ebad3ff0b0
Event: 63.451 Thread 0x00000234e2d7ef70 DEOPT UNPACKING pc=0x000002348e644242 sp=0x000000ebad3fe560 mode 0
Event: 64.347 Thread 0x00000234e2d7ef70 DEOPT PACKING pc=0x0000023488f9a4ed sp=0x000000ebad3fefb0
Event: 64.347 Thread 0x00000234e2d7ef70 DEOPT UNPACKING pc=0x000002348e644242 sp=0x000000ebad3fe4a0 mode 0
Event: 68.417 Thread 0x00000234e2d7ef70 Uncommon trap: trap_request=0xffffff45 fr.pc=0x000002348f61b690 relative=0x0000000000001510
Event: 68.417 Thread 0x00000234e2d7ef70 Uncommon trap: reason=unstable_if action=reinterpret pc=0x000002348f61b690 method=org.eclipse.jdt.internal.compiler.classfmt.FieldInfo.createField([B[IIJ)Lorg/eclipse/jdt/internal/compiler/classfmt/FieldInfo; @ 259 c2
Event: 68.417 Thread 0x00000234e2d7ef70 DEOPT PACKING pc=0x000002348f61b690 sp=0x000000ebad3feeb0
Event: 68.418 Thread 0x00000234e2d7ef70 DEOPT UNPACKING pc=0x000002348e643aa2 sp=0x000000ebad3fee38 mode 2

Classes loaded (20 events):
Event: 22.120 Loading class java/util/concurrent/ArrayBlockingQueue
Event: 22.121 Loading class java/util/concurrent/ArrayBlockingQueue done
Event: 22.302 Loading class java/util/Hashtable$ValueCollection
Event: 22.302 Loading class java/util/Hashtable$ValueCollection done
Event: 22.315 Loading class java/util/concurrent/ConcurrentHashMap$KeySpliterator
Event: 22.316 Loading class java/util/concurrent/ConcurrentHashMap$KeySpliterator done
Event: 23.837 Loading class jdk/internal/module/IllegalAccessLogger
Event: 23.837 Loading class jdk/internal/module/IllegalAccessLogger done
Event: 25.046 Loading class java/io/CharArrayWriter
Event: 25.046 Loading class java/io/CharArrayWriter done
Event: 28.849 Loading class java/util/stream/ReduceOps$5
Event: 28.849 Loading class java/util/stream/ReduceOps$5 done
Event: 28.849 Loading class java/util/stream/ReduceOps$CountingSink$OfRef
Event: 28.850 Loading class java/util/stream/ReduceOps$CountingSink
Event: 28.850 Loading class java/util/stream/ReduceOps$CountingSink done
Event: 28.850 Loading class java/util/stream/ReduceOps$CountingSink$OfRef done
Event: 29.172 Loading class java/util/stream/ReduceOps$1
Event: 29.173 Loading class java/util/stream/ReduceOps$1 done
Event: 29.179 Loading class java/util/stream/ReduceOps$1ReducingSink
Event: 29.179 Loading class java/util/stream/ReduceOps$1ReducingSink done

Classes unloaded (20 events):
Event: 7.375 Thread 0x000002348295ec20 Unloading class 0x000002349c31ac00 'java/lang/invoke/LambdaForm$MH+0x000002349c31ac00'
Event: 7.375 Thread 0x000002348295ec20 Unloading class 0x000002349c31a000 'java/lang/invoke/LambdaForm$MH+0x000002349c31a000'
Event: 7.375 Thread 0x000002348295ec20 Unloading class 0x000002349c319c00 'java/lang/invoke/LambdaForm$MH+0x000002349c319c00'
Event: 7.375 Thread 0x000002348295ec20 Unloading class 0x000002349c319400 'java/lang/invoke/LambdaForm$MH+0x000002349c319400'
Event: 7.375 Thread 0x000002348295ec20 Unloading class 0x000002349c318c00 'java/lang/invoke/LambdaForm$DMH+0x000002349c318c00'
Event: 7.375 Thread 0x000002348295ec20 Unloading class 0x000002349c318400 'java/lang/invoke/LambdaForm$MH+0x000002349c318400'
Event: 7.375 Thread 0x000002348295ec20 Unloading class 0x000002349c310400 'java/lang/invoke/LambdaForm$MH+0x000002349c310400'
Event: 7.375 Thread 0x000002348295ec20 Unloading class 0x000002349c30dc00 'java/lang/invoke/LambdaForm$MH+0x000002349c30dc00'
Event: 7.375 Thread 0x000002348295ec20 Unloading class 0x000002349c30d400 'java/lang/invoke/LambdaForm$MH+0x000002349c30d400'
Event: 7.375 Thread 0x000002348295ec20 Unloading class 0x000002349c30cc00 'java/lang/invoke/LambdaForm$MH+0x000002349c30cc00'
Event: 7.375 Thread 0x000002348295ec20 Unloading class 0x000002349c30c400 'java/lang/invoke/LambdaForm$MH+0x000002349c30c400'
Event: 7.375 Thread 0x000002348295ec20 Unloading class 0x000002349c309400 'java/lang/invoke/LambdaForm$MH+0x000002349c309400'
Event: 15.432 Thread 0x000002348295ec20 Unloading class 0x000002349c66a800 'java/lang/invoke/LambdaForm$DMH+0x000002349c66a800'
Event: 15.432 Thread 0x000002348295ec20 Unloading class 0x000002349c66a400 'java/lang/invoke/LambdaForm$DMH+0x000002349c66a400'
Event: 15.432 Thread 0x000002348295ec20 Unloading class 0x000002349c66a000 'java/lang/invoke/LambdaForm$DMH+0x000002349c66a000'
Event: 15.432 Thread 0x000002348295ec20 Unloading class 0x000002349c5b4400 'java/lang/invoke/LambdaForm$DMH+0x000002349c5b4400'
Event: 57.635 Thread 0x000002348295ec20 Unloading class 0x000002349c835c00 'java/lang/invoke/LambdaForm$MH+0x000002349c835c00'
Event: 57.635 Thread 0x000002348295ec20 Unloading class 0x000002349c835400 'java/lang/invoke/LambdaForm$MH+0x000002349c835400'
Event: 57.635 Thread 0x000002348295ec20 Unloading class 0x000002349c835000 'java/lang/invoke/LambdaForm$MH+0x000002349c835000'
Event: 57.635 Thread 0x000002348295ec20 Unloading class 0x000002349c834400 'java/lang/invoke/LambdaForm$MH+0x000002349c834400'

Classes redefined (0 events):
No events

Internal exceptions (20 events):
Event: 64.433 Thread 0x00000234e2d7ef70 Exception <a 'sun/nio/fs/WindowsException'{0x00000000d57f74b0}> (0x00000000d57f74b0) 
thrown [s\src\hotspot\share\prims\jni.cpp, line 520]
Event: 64.470 Thread 0x00000234e2d7ef70 Exception <a 'sun/nio/fs/WindowsException'{0x00000000d5843e80}> (0x00000000d5843e80) 
thrown [s\src\hotspot\share\prims\jni.cpp, line 520]
Event: 64.868 Thread 0x00000234e2d7ef70 Exception <a 'sun/nio/fs/WindowsException'{0x00000000d57e2750}> (0x00000000d57e2750) 
thrown [s\src\hotspot\share\prims\jni.cpp, line 520]
Event: 73.969 Thread 0x00000234e2d7ef70 Exception <a 'sun/nio/fs/WindowsException'{0x00000000d589fb48}> (0x00000000d589fb48) 
thrown [s\src\hotspot\share\prims\jni.cpp, line 520]
Event: 75.998 Thread 0x00000234e2d7ef70 Exception <a 'sun/nio/fs/WindowsException'{0x00000000d57f3cb8}> (0x00000000d57f3cb8) 
thrown [s\src\hotspot\share\prims\jni.cpp, line 520]
Event: 76.020 Thread 0x00000234e2d7ef70 Exception <a 'sun/nio/fs/WindowsException'{0x00000000d58b0f60}> (0x00000000d58b0f60) 
thrown [s\src\hotspot\share\prims\jni.cpp, line 520]
Event: 76.028 Thread 0x00000234e2d7ef70 Exception <a 'sun/nio/fs/WindowsException'{0x00000000d58cddb0}> (0x00000000d58cddb0) 
thrown [s\src\hotspot\share\prims\jni.cpp, line 520]
Event: 76.065 Thread 0x00000234e2d7ef70 Exception <a 'sun/nio/fs/WindowsException'{0x00000000d58a8f30}> (0x00000000d58a8f30) 
thrown [s\src\hotspot\share\prims\jni.cpp, line 520]
Event: 76.075 Thread 0x00000234e2d7ef70 Exception <a 'sun/nio/fs/WindowsException'{0x00000000d59199d0}> (0x00000000d59199d0) 
thrown [s\src\hotspot\share\prims\jni.cpp, line 520]
Event: 76.104 Thread 0x00000234e2d7ef70 Exception <a 'sun/nio/fs/WindowsException'{0x00000000d5802b00}> (0x00000000d5802b00) 
thrown [s\src\hotspot\share\prims\jni.cpp, line 520]
Event: 76.112 Thread 0x00000234e2d7ef70 Exception <a 'sun/nio/fs/WindowsException'{0x00000000d58332c8}> (0x00000000d58332c8) 
thrown [s\src\hotspot\share\prims\jni.cpp, line 520]
Event: 76.165 Thread 0x00000234e2d7ef70 Exception <a 'sun/nio/fs/WindowsException'{0x00000000d5bfa8c8}> (0x00000000d5bfa8c8) 
thrown [s\src\hotspot\share\prims\jni.cpp, line 520]
Event: 76.211 Thread 0x00000234e2d7ef70 Exception <a 'sun/nio/fs/WindowsException'{0x00000000d5afa840}> (0x00000000d5afa840) 
thrown [s\src\hotspot\share\prims\jni.cpp, line 520]
Event: 80.296 Thread 0x00000234e2d7ef70 Exception <a 'sun/nio/fs/WindowsException'{0x00000000d5840a80}> (0x00000000d5840a80) 
thrown [s\src\hotspot\share\prims\jni.cpp, line 520]
Event: 80.505 Thread 0x00000234e2d7ef70 Exception <a 'sun/nio/fs/WindowsException'{0x00000000d5d551c8}> (0x00000000d5d551c8) 
thrown [s\src\hotspot\share\prims\jni.cpp, line 520]
Event: 80.544 Thread 0x00000234e2d7ef70 Exception <a 'sun/nio/fs/WindowsException'{0x00000000d591a950}> (0x00000000d591a950) 
thrown [s\src\hotspot\share\prims\jni.cpp, line 520]
Event: 80.566 Thread 0x00000234e2d7ef70 Exception <a 'sun/nio/fs/WindowsException'{0x00000000d5ae6cd8}> (0x00000000d5ae6cd8) 
thrown [s\src\hotspot\share\prims\jni.cpp, line 520]
Event: 80.579 Thread 0x00000234e2d7ef70 Exception <a 'sun/nio/fs/WindowsException'{0x00000000d5b4c008}> (0x00000000d5b4c008) 
thrown [s\src\hotspot\share\prims\jni.cpp, line 520]
Event: 80.616 Thread 0x00000234e2d7ef70 Exception <a 'sun/nio/fs/WindowsException'{0x00000000d5c863a0}> (0x00000000d5c863a0) 
thrown [s\src\hotspot\share\prims\jni.cpp, line 520]
Event: 80.630 Thread 0x00000234e2d7ef70 Exception <a 'sun/nio/fs/WindowsException'{0x00000000d5d377b8}> (0x00000000d5d377b8) 
thrown [s\src\hotspot\share\prims\jni.cpp, line 520]

ZGC Phase Switch (0 events):
No events

VM Operations (20 events):
Event: 76.190 Executing safepoint VM operation: ParallelGCFailedAllocation (Allocation Failure) done
Event: 77.224 Executing safepoint VM operation: ParallelGCFailedAllocation (Allocation Failure)
Event: 77.226 Executing safepoint VM operation: ParallelGCFailedAllocation (Allocation Failure) done
Event: 77.239 Executing safepoint VM operation: ParallelGCFailedAllocation (Allocation Failure)
Event: 80.273 Executing safepoint VM operation: ParallelGCFailedAllocation (Allocation Failure) done
Event: 80.350 Executing safepoint VM operation: ParallelGCFailedAllocation (Allocation Failure)
Event: 80.354 Executing safepoint VM operation: ParallelGCFailedAllocation (Allocation Failure) done
Event: 80.415 Executing safepoint VM operation: ParallelGCFailedAllocation (Allocation Failure)
Event: 80.418 Executing safepoint VM operation: ParallelGCFailedAllocation (Allocation Failure) done
Event: 80.451 Executing safepoint VM operation: ParallelGCFailedAllocation (Allocation Failure)
Event: 80.453 Executing safepoint VM operation: ParallelGCFailedAllocation (Allocation Failure) done
Event: 80.515 Executing safepoint VM operation: ParallelGCFailedAllocation (Allocation Failure)
Event: 80.518 Executing safepoint VM operation: ParallelGCFailedAllocation (Allocation Failure) done
Event: 80.644 Executing safepoint VM operation: ParallelGCFailedAllocation (Allocation Failure)
Event: 80.646 Executing safepoint VM operation: ParallelGCFailedAllocation (Allocation Failure) done
Event: 80.698 Executing safepoint VM operation: ParallelGCFailedAllocation (Allocation Failure)
Event: 80.701 Executing safepoint VM operation: ParallelGCFailedAllocation (Allocation Failure) done
Event: 80.739 Executing safepoint VM operation: ParallelGCFailedAllocation (Allocation Failure)
Event: 80.740 Executing safepoint VM operation: ParallelGCFailedAllocation (Allocation Failure) done
Event: 80.785 Executing safepoint VM operation: ParallelGCFailedAllocation (Allocation Failure)

Memory protections (0 events):
No events

Nmethod flushes (20 events):
Event: 59.690 Thread 0x000002348295ec20 flushing  nmethod 0x000002348824ef90
Event: 59.690 Thread 0x000002348295ec20 flushing  nmethod 0x0000023488259b10
Event: 59.690 Thread 0x000002348295ec20 flushing  nmethod 0x0000023488275d10
Event: 59.690 Thread 0x000002348295ec20 flushing  nmethod 0x000002348827ca90
Event: 59.690 Thread 0x000002348295ec20 flushing  nmethod 0x000002348827f410
Event: 59.690 Thread 0x000002348295ec20 flushing  nmethod 0x0000023488281f90
Event: 59.690 Thread 0x000002348295ec20 flushing  nmethod 0x0000023488299910
Event: 59.690 Thread 0x000002348295ec20 flushing  nmethod 0x000002348829fa10
Event: 59.690 Thread 0x000002348295ec20 flushing  nmethod 0x00000234882a0a90
Event: 59.690 Thread 0x000002348295ec20 flushing  nmethod 0x00000234882a3b90
Event: 59.690 Thread 0x000002348295ec20 flushing  nmethod 0x00000234882a8190
Event: 59.690 Thread 0x000002348295ec20 flushing osr nmethod 0x00000234882e0f90
Event: 59.690 Thread 0x000002348295ec20 flushing  nmethod 0x00000234882e3e90
Event: 59.690 Thread 0x000002348295ec20 flushing  nmethod 0x00000234882ee990
Event: 59.690 Thread 0x000002348295ec20 flushing  nmethod 0x0000023488380590
Event: 59.690 Thread 0x000002348295ec20 flushing  nmethod 0x0000023488392690
Event: 59.690 Thread 0x000002348295ec20 flushing  nmethod 0x00000234883cde10
Event: 59.690 Thread 0x000002348295ec20 flushing  nmethod 0x00000234883ce290
Event: 59.690 Thread 0x000002348295ec20 flushing  nmethod 0x00000234883f7b90
Event: 59.690 Thread 0x000002348295ec20 flushing  nmethod 0x0000023488456690

Events (20 events):
Event: 24.303 Thread 0x00000234e2d80320 Thread added: 0x00000234f64245f0
Event: 24.304 Thread 0x00000234e2d80320 Thread added: 0x00000234f6426d50
Event: 24.305 Thread 0x00000234e2d80320 Thread added: 0x00000234f6426030
Event: 24.308 Thread 0x00000234e2d80320 Thread added: 0x00000234f6427a70
Event: 24.309 Thread 0x00000234e2d80320 Thread added: 0x00000234f64266c0
Event: 24.604 Thread 0x00000234f6427a70 Thread exited: 0x00000234f6427a70
Event: 24.604 Thread 0x00000234f6426030 Thread exited: 0x00000234f6426030
Event: 24.606 Thread 0x00000234f64266c0 Thread exited: 0x00000234f64266c0
Event: 24.606 Thread 0x00000234f6426d50 Thread exited: 0x00000234f6426d50
Event: 24.606 Thread 0x00000234f64245f0 Thread exited: 0x00000234f64245f0
Event: 28.391 Thread 0x00000234e75d5800 Thread exited: 0x00000234e75d5800
Event: 30.849 Thread 0x00000234e47197f0 Thread exited: 0x00000234e47197f0
Event: 31.538 Thread 0x000002349af71030 Thread added: 0x00000234e75d7340
Event: 31.923 Thread 0x00000234e75d7340 Thread exited: 0x00000234e75d7340
Event: 37.105 Thread 0x000002349af6da70 Thread added: 0x00000234e75d7340
Event: 39.177 Thread 0x00000234e75d7340 Thread exited: 0x00000234e75d7340
Event: 39.226 Thread 0x000002349af6da70 Thread added: 0x00000234e75d5800
Event: 39.467 Thread 0x00000234e75d5800 Thread exited: 0x00000234e75d5800
Event: 42.942 Thread 0x000002349af6da70 Thread added: 0x00000234e75d9550
Event: 47.177 Thread 0x00000234e75d9550 Thread exited: 0x00000234e75d9550


Dynamic libraries:
0x00007ff6d6dc0000 - 0x00007ff6d6dce000 	c:\Users\nojav\.vscode\extensions\redhat.java-1.54.0-win32-x64\jre\21.0.10-win32-x86_64\bin\java.exe
0x00007ffe8f4c0000 - 0x00007ffe8f726000 	C:\WINDOWS\SYSTEM32\ntdll.dll
0x00007ffe8ddd0000 - 0x00007ffe8de99000 	C:\WINDOWS\System32\KERNEL32.DLL
0x00007ffe8c950000 - 0x00007ffe8cd4a000 	C:\WINDOWS\System32\KERNELBASE.dll
0x00007ffe8d000000 - 0x00007ffe8d14c000 	C:\WINDOWS\System32\ucrtbase.dll
0x00007ffe79450000 - 0x00007ffe7946e000 	c:\Users\nojav\.vscode\extensions\redhat.java-1.54.0-win32-x64\jre\21.0.10-win32-x86_64\bin\VCRUNTIME140.dll
0x00007ffe79470000 - 0x00007ffe79488000 	c:\Users\nojav\.vscode\extensions\redhat.java-1.54.0-win32-x64\jre\21.0.10-win32-x86_64\bin\jli.dll
0x00007ffe8d4c0000 - 0x00007ffe8d687000 	C:\WINDOWS\System32\USER32.dll
0x00007ffe8d150000 - 0x00007ffe8d177000 	C:\WINDOWS\System32\win32u.dll
0x00007ffe8d350000 - 0x00007ffe8d37b000 	C:\WINDOWS\System32\GDI32.dll
0x00007ffe79100000 - 0x00007ffe79392000 	C:\WINDOWS\WinSxS\amd64_microsoft.windows.common-controls_6595b64144ccf1df_6.0.26100.8521_none_3e08b75ce33403b3\COMCTL32.dll
0x00007ffe8e5d0000 - 0x00007ffe8e679000 	C:\WINDOWS\System32\msvcrt.dll
0x00007ffe8cd50000 - 0x00007ffe8ce7b000 	C:\WINDOWS\System32\gdi32full.dll
0x00007ffe8c8a0000 - 0x00007ffe8c943000 	C:\WINDOWS\System32\msvcp_win.dll
0x00007ffe8e6f0000 - 0x00007ffe8e722000 	C:\WINDOWS\System32\IMM32.DLL
0x00007ffe86e10000 - 0x00007ffe86e1c000 	c:\Users\nojav\.vscode\extensions\redhat.java-1.54.0-win32-x64\jre\21.0.10-win32-x86_64\bin\vcruntime140_1.dll
0x00007ffe34130000 - 0x00007ffe341bd000 	c:\Users\nojav\.vscode\extensions\redhat.java-1.54.0-win32-x64\jre\21.0.10-win32-x86_64\bin\msvcp140.dll
0x00007ffe060e0000 - 0x00007ffe06e81000 	c:\Users\nojav\.vscode\extensions\redhat.java-1.54.0-win32-x64\jre\21.0.10-win32-x86_64\bin\server\jvm.dll
0x00007ffe8d400000 - 0x00007ffe8d4b6000 	C:\WINDOWS\System32\ADVAPI32.dll
0x00007ffe8da20000 - 0x00007ffe8daca000 	C:\WINDOWS\System32\sechost.dll
0x00007ffe8dc50000 - 0x00007ffe8dd68000 	C:\WINDOWS\System32\RPCRT4.dll
0x00007ffe8db00000 - 0x00007ffe8db80000 	C:\WINDOWS\System32\WS2_32.dll
0x00007ffe8c5d0000 - 0x00007ffe8c62e000 	C:\WINDOWS\SYSTEM32\POWRPROF.dll
0x00007ffe85fe0000 - 0x00007ffe85feb000 	C:\WINDOWS\SYSTEM32\VERSION.dll
0x00007ffe829d0000 - 0x00007ffe82a06000 	C:\WINDOWS\SYSTEM32\WINMM.dll
0x00007ffe8c5b0000 - 0x00007ffe8c5c4000 	C:\WINDOWS\SYSTEM32\UMPDC.dll
0x00007ffe8b4a0000 - 0x00007ffe8b4bb000 	C:\WINDOWS\SYSTEM32\kernel.appcore.dll
0x00007ffe85790000 - 0x00007ffe8579a000 	c:\Users\nojav\.vscode\extensions\redhat.java-1.54.0-win32-x64\jre\21.0.10-win32-x86_64\bin\jimage.dll
0x00007ffe82a10000 - 0x00007ffe82c52000 	C:\WINDOWS\SYSTEM32\DBGHELP.DLL
0x00007ffe8d690000 - 0x00007ffe8da13000 	C:\WINDOWS\System32\combase.dll
0x00007ffe8d260000 - 0x00007ffe8d339000 	C:\WINDOWS\System32\OLEAUT32.dll
0x00007ffe73740000 - 0x00007ffe7377b000 	C:\WINDOWS\SYSTEM32\dbgcore.DLL
0x00007ffe8d180000 - 0x00007ffe8d228000 	C:\WINDOWS\System32\bcryptPrimitives.dll
0x00007ffe85760000 - 0x00007ffe8576f000 	c:\Users\nojav\.vscode\extensions\redhat.java-1.54.0-win32-x64\jre\21.0.10-win32-x86_64\bin\instrument.dll
0x00007ffe79430000 - 0x00007ffe79450000 	c:\Users\nojav\.vscode\extensions\redhat.java-1.54.0-win32-x64\jre\21.0.10-win32-x86_64\bin\java.dll
0x00007ffe8ecf0000 - 0x00007ffe8f474000 	C:\WINDOWS\System32\SHELL32.dll
0x00007ffe8a2f0000 - 0x00007ffe8ab70000 	C:\WINDOWS\SYSTEM32\windows.storage.dll
0x00007ffe8dea0000 - 0x00007ffe8df96000 	C:\WINDOWS\System32\SHCORE.dll
0x00007ffe8e680000 - 0x00007ffe8e6e7000 	C:\WINDOWS\System32\shlwapi.dll
0x00007ffe8c670000 - 0x00007ffe8c699000 	C:\WINDOWS\SYSTEM32\profapi.dll
0x00007ffe77130000 - 0x00007ffe77148000 	c:\Users\nojav\.vscode\extensions\redhat.java-1.54.0-win32-x64\jre\21.0.10-win32-x86_64\bin\zip.dll
0x00007ffe826b0000 - 0x00007ffe826c0000 	C:\Users\nojav\.vscode\extensions\redhat.java-1.54.0-win32-x64\jre\21.0.10-win32-x86_64\bin\net.dll
0x00007ffe85c80000 - 0x00007ffe85da9000 	C:\WINDOWS\SYSTEM32\WINHTTP.dll
0x00007ffe8b9f0000 - 0x00007ffe8ba5c000 	C:\WINDOWS\system32\mswsock.dll
0x00007ffe75ff0000 - 0x00007ffe76006000 	C:\Users\nojav\.vscode\extensions\redhat.java-1.54.0-win32-x64\jre\21.0.10-win32-x86_64\bin\nio.dll
0x00007ffe817e0000 - 0x00007ffe817f0000 	c:\Users\nojav\.vscode\extensions\redhat.java-1.54.0-win32-x64\jre\21.0.10-win32-x86_64\bin\verify.dll
0x00007ffe65660000 - 0x00007ffe656a5000 	C:\Users\nojav\AppData\Roaming\Code\User\globalStorage\redhat.java\1.54.0\config_win\org.eclipse.equinox.launcher\org.eclipse.equinox.launcher.win32.win32.x86_64_1.3.0.v20260203-2149\eclipse_11919.dll
0x00007ffe8dfa0000 - 0x00007ffe8e138000 	C:\WINDOWS\System32\ole32.dll
0x00007ffe897a0000 - 0x00007ffe897aa000 	C:\Users\nojav\.vscode\extensions\redhat.java-1.54.0-win32-x64\jre\21.0.10-win32-x86_64\bin\management.dll
0x00007ffe85ef0000 - 0x00007ffe85efc000 	C:\Users\nojav\.vscode\extensions\redhat.java-1.54.0-win32-x64\jre\21.0.10-win32-x86_64\bin\management_ext.dll
0x00007ffe8ece0000 - 0x00007ffe8ece8000 	C:\WINDOWS\System32\PSAPI.DLL
0x00007ffe8bdf0000 - 0x00007ffe8be0b000 	C:\WINDOWS\SYSTEM32\CRYPTSP.dll
0x00007ffe8b400000 - 0x00007ffe8b439000 	C:\WINDOWS\system32\rsaenh.dll
0x00007ffe8baa0000 - 0x00007ffe8bad3000 	C:\WINDOWS\SYSTEM32\USERENV.dll
0x00007ffe8c640000 - 0x00007ffe8c66a000 	C:\WINDOWS\SYSTEM32\bcrypt.dll
0x00007ffe8bc50000 - 0x00007ffe8bc5c000 	C:\WINDOWS\SYSTEM32\CRYPTBASE.dll
0x00007ffe8ae80000 - 0x00007ffe8aeb3000 	C:\WINDOWS\SYSTEM32\IPHLPAPI.DLL
0x00007ffe8dad0000 - 0x00007ffe8dada000 	C:\WINDOWS\System32\NSI.dll
0x00007ffe78a20000 - 0x00007ffe78a69000 	C:\Users\nojav\AppData\Local\Temp\jna-104999102\jna3401322524656965260.dll
0x00007ffe85ff0000 - 0x00007ffe8600d000 	C:\WINDOWS\SYSTEM32\dhcpcsvc6.DLL
0x00007ffe85e30000 - 0x00007ffe85e55000 	C:\WINDOWS\SYSTEM32\dhcpcsvc.DLL
0x00007ffe78990000 - 0x00007ffe7899e000 	C:\Users\nojav\.vscode\extensions\redhat.java-1.54.0-win32-x64\jre\21.0.10-win32-x86_64\bin\sunmscapi.dll
0x00007ffe8ce80000 - 0x00007ffe8cff8000 	C:\WINDOWS\System32\CRYPT32.dll
0x00007ffe8bf50000 - 0x00007ffe8bf80000 	C:\WINDOWS\SYSTEM32\ncrypt.dll
0x00007ffe8bf00000 - 0x00007ffe8bf3f000 	C:\WINDOWS\SYSTEM32\NTASN1.dll
0x00007ffe8aec0000 - 0x00007ffe8b00a000 	C:\WINDOWS\SYSTEM32\DNSAPI.dll
0x00007ffe8b830000 - 0x00007ffe8b83d000 	C:\WINDOWS\SYSTEM32\DSPARSE.dll
0x00007ffe82580000 - 0x00007ffe8258b000 	C:\Windows\System32\rasadhlp.dll
0x00007ffe843e0000 - 0x00007ffe84466000 	C:\WINDOWS\System32\fwpuclnt.dll
0x00007ffe78ac0000 - 0x00007ffe78ac9000 	C:\Users\nojav\.vscode\extensions\redhat.java-1.54.0-win32-x64\jre\21.0.10-win32-x86_64\bin\extnet.dll

JVMTI agents:
c:\Users\nojav\.vscode\extensions\redhat.java-1.54.0-win32-x64\lombok\lombok-1.18.39-4050.jar path:c:\Users\nojav\.vscode\extensions\redhat.java-1.54.0-win32-x64\jre\21.0.10-win32-x86_64\bin\instrument.dll, loaded, initialized, instrumentlib options:none

dbghelp: loaded successfully - version: 4.0.5 - missing functions: none
symbol engine: initialized successfully - sym options: 0x614 - pdb path: .;c:\Users\nojav\.vscode\extensions\redhat.java-1.54.0-win32-x64\jre\21.0.10-win32-x86_64\bin;C:\WINDOWS\SYSTEM32;C:\WINDOWS\WinSxS\amd64_microsoft.windows.common-controls_6595b64144ccf1df_6.0.26100.8521_none_3e08b75ce33403b3;c:\Users\nojav\.vscode\extensions\redhat.java-1.54.0-win32-x64\jre\21.0.10-win32-x86_64\bin\server;C:\Users\nojav\AppData\Roaming\Code\User\globalStorage\redhat.java\1.54.0\config_win\org.eclipse.equinox.launcher\org.eclipse.equinox.launcher.win32.win32.x86_64_1.3.0.v20260203-2149;C:\Users\nojav\AppData\Local\Temp\jna-104999102

VM Arguments:
jvm_args: --add-modules=ALL-SYSTEM --add-opens=java.base/java.util=ALL-UNNAMED --add-opens=java.base/java.lang=ALL-UNNAMED --add-opens=java.base/sun.nio.fs=ALL-UNNAMED -Declipse.application=org.eclipse.jdt.ls.core.id1 -Dosgi.bundles.defaultStartLevel=4 -Declipse.product=org.eclipse.jdt.ls.core.product -Djava.import.generatesMetadataFilesAtProjectRoot=false -DDetectVMInstallationsJob.disabled=true -Dfile.encoding=utf8 -XX:+UseParallelGC -XX:GCTimeRatio=4 -XX:AdaptiveSizePolicyWeight=90 -Dsun.zip.disableMemoryMapping=true -Xmx2G -Xms100m -Xlog:disable -javaagent:c:\Users\nojav\.vscode\extensions\redhat.java-1.54.0-win32-x64\lombok\lombok-1.18.39-4050.jar -XX:+HeapDumpOnOutOfMemoryError -XX:HeapDumpPath=c:\Users\nojav\AppData\Roaming\Code\User\workspaceStorage\0a3b3a735c581494aed4731b6750e3ea\redhat.java -Daether.dependencyCollector.impl=bf 
java_command: c:\Users\nojav\.vscode\extensions\redhat.java-1.54.0-win32-x64\server\plugins\org.eclipse.equinox.launcher_1.7.100.v20251111-0406.jar -configuration c:\Users\nojav\AppData\Roaming\Code\User\globalStorage\redhat.java\1.54.0\config_win -data c:\Users\nojav\AppData\Roaming\Code\User\workspaceStorage\0a3b3a735c581494aed4731b6750e3ea\redhat.java\jdt_ws --pipe=\\.\pipe\lsp-870542496f201f2f48e0a3d15a60ff4c-sock
java_class_path (initial): c:\Users\nojav\.vscode\extensions\redhat.java-1.54.0-win32-x64\server\plugins\org.eclipse.equinox.launcher_1.7.100.v20251111-0406.jar
Launcher Type: SUN_STANDARD

[Global flags]
    uintx AdaptiveSizePolicyWeight                 = 90                                        {product} {command line}
     intx CICompilerCount                          = 4                                         {product} {ergonomic}
    uintx GCTimeRatio                              = 4                                         {product} {command line}
     bool HeapDumpOnOutOfMemoryError               = true                                   {manageable} {command line}
    ccstr HeapDumpPath                             = c:\Users\nojav\AppData\Roaming\Code\User\workspaceStorage\0a3b3a735c581494aed4731b6750e3ea\redhat.java         {manageable} {command line}
   size_t InitialHeapSize                          = 104857600                                 {product} {command line}
   size_t MaxHeapSize                              = 2147483648                                {product} {command line}
   size_t MaxNewSize                               = 715653120                                 {product} {ergonomic}
   size_t MinHeapDeltaBytes                        = 524288                                    {product} {ergonomic}
   size_t MinHeapSize                              = 104857600                                 {product} {command line}
   size_t NewSize                                  = 34603008                                  {product} {ergonomic}
    uintx NonNMethodCodeHeapSize                   = 5839372                                {pd product} {ergonomic}
    uintx NonProfiledCodeHeapSize                  = 122909434                              {pd product} {ergonomic}
   size_t OldSize                                  = 70254592                                  {product} {ergonomic}
    uintx ProfiledCodeHeapSize                     = 122909434                              {pd product} {ergonomic}
    uintx ReservedCodeCacheSize                    = 251658240                              {pd product} {ergonomic}
     bool SegmentedCodeCache                       = true                                      {product} {ergonomic}
   size_t SoftMaxHeapSize                          = 2147483648                             {manageable} {ergonomic}
     bool UseCompressedOops                        = true                           {product lp64_product} {ergonomic}
     bool UseLargePagesIndividualAllocation        = false                                  {pd product} {ergonomic}
     bool UseParallelGC                            = true                                      {product} {command line}

Logging:
Log output configuration:
 #0: stdout all=off uptime,level,tags foldmultilines=false
 #1: stderr all=off uptime,level,tags foldmultilines=false

Release file:
JAVA_VERSION="21.0.10" 
MODULES="java.base java.compiler java.datatransfer java.xml java.prefs java.desktop java.instrument java.logging java.management java.security.sasl java.naming java.rmi java.management.rmi java.net.http java.scripting java.security.jgss java.transaction.xa java.sql java.sql.rowset java.xml.crypto java.se java.smartcardio jdk.accessibility jdk.internal.jvmstat jdk.attach jdk.charsets jdk.internal.opt jdk.zipfs jdk.compiler jdk.crypto.ec jdk.crypto.cryptoki jdk.crypto.mscapi jdk.dynalink jdk.internal.ed jdk.editpad jdk.hotspot.agent jdk.httpserver jdk.internal.le jdk.internal.vm.ci jdk.internal.vm.compiler jdk.internal.vm.compiler.management jdk.jartool jdk.javadoc jdk.jcmd jdk.management jdk.management.agent jdk.jconsole jdk.jdeps jdk.jdwp.agent jdk.jdi jdk.jfr jdk.jshell jdk.jsobject jdk.jstatd jdk.localedata jdk.management.jfr jdk.naming.dns jdk.naming.rmi jdk.net jdk.nio.mapmode jdk.random jdk.sctp jdk.security.auth jdk.security.jgss jdk.unsupported jdk.unsupported.desktop jdk.xml.dom" 

Environment Variables:
JAVA_HOME=C:\Program Files\RedHat\java-21-openjdk-21.0.11.0.10-1
PATH=C:\WINDOWS\system32;C:\WINDOWS;C:\WINDOWS\System32\Wbem;C:\WINDOWS\System32\WindowsPowerShell\v1.0\;C:\WINDOWS\System32\OpenSSH\;C:\Program Files\RedHat\java-21-openjdk-21.0.11.0.10-1\bin;C:\Program Files\Git\cmd;C:\Program Files\nodejs\;C:\Program Files\RedHat\java-21-openjdk-21.0.11.0.10-1\bin;;C:\Program Files\Docker\Docker\resources\bin;C:\Users\nojav\AppData\Local\Microsoft\WindowsApps;C:\Users\nojav\AppData\Local\Programs\Microsoft VS Code\bin;C:\Users\nojav\AppData\Local\Programs\Windsurf\bin;C:\Users\nojav\AppData\Roaming\npm
USERNAME=nojav
OS=Windows_NT
PROCESSOR_IDENTIFIER=AMD64 Family 23 Model 24 Stepping 1, AuthenticAMD
TMP=C:\Users\nojav\AppData\Local\Temp
TEMP=C:\Users\nojav\AppData\Local\Temp




Periodic native trim disabled

---------------  S Y S T E M  ---------------

OS:
 Windows 11 , 64 bit Build 26100 (10.0.26100.8521)
OS uptime: 0 days 14:07 hours
Hyper-V role detected

CPU: total 8 (initial active 8) (8 cores per cpu, 2 threads per core) family 23 model 24 stepping 1 microcode 0x8108109, cx8, cmov, fxsr, ht, mmx, 3dnowpref, sse, sse2, sse3, ssse3, sse4a, sse4.1, sse4.2, popcnt, lzcnt, tsc, tscinvbit, avx, avx2, aes, clmul, bmi1, bmi2, adx, sha, fma, vzeroupper, clflush, clflushopt, hv, rdtscp, f16c
Processor Information for the first 8 processors :
  Max Mhz: 2100, Current Mhz: 2100, Mhz Limit: 2100

Memory: 4k page, system-wide physical 10178M (696M free)
TotalPageFile size 25183M (AvailPageFile size 30M)
current process WorkingSet (physical memory assigned to process): 758M, peak: 972M
current process commit charge ("private bytes"): 680M, peak: 1685M

vm_info: OpenJDK 64-Bit Server VM (21.0.10+7-LTS) for windows-amd64 JRE (21.0.10+7-LTS), built on 2026-01-20T00:00:00Z by "admin" with MS VC++ 17.12 (VS2022)

END.
