#
# There is insufficient memory for the Java Runtime Environment to continue.
# Native memory allocation (malloc) failed to allocate 1048576 bytes. Error detail: AllocateHeap
# Possible reasons:
#   The system is out of physical RAM or swap space
#   This process is running with CompressedOops enabled, and the Java Heap may be blocking the growth of the native heap
# Possible solutions:
#   Reduce memory load on the system
#   Increase physical memory or swap space
#   Check if swap backing store is full
#   Decrease Java heap size (-Xmx/-Xms)
#   Decrease number of Java threads
#   Decrease Java thread stack sizes (-Xss)
#   Set larger code cache with -XX:ReservedCodeCacheSize=
#   JVM is running with Unscaled Compressed Oops mode in which the Java heap is
#     placed in the first 4GB address space. The Java Heap base address is the
#     maximum limit for the native heap growth. Please use -XX:HeapBaseMinAddress
#     to set the Java Heap base and to place the Java Heap above 4GB virtual address.
# This output file may be truncated or incomplete.
#
#  Out of Memory Error (allocation.cpp:44), pid=12372, tid=23208
#
# JRE version:  (21.0.10+7) (build )
# Java VM: OpenJDK 64-Bit Server VM (21.0.10+7-LTS, mixed mode, sharing, tiered, compressed oops, compressed class ptrs, parallel gc, windows-amd64)
# No core dump will be written. Minidumps are not enabled by default on client versions of Windows
#

---------------  S U M M A R Y ------------

Command Line: --add-modules=ALL-SYSTEM --add-opens=java.base/java.util=ALL-UNNAMED --add-opens=java.base/java.lang=ALL-UNNAMED --add-opens=java.base/sun.nio.fs=ALL-UNNAMED -Declipse.application=org.eclipse.jdt.ls.core.id1 -Dosgi.bundles.defaultStartLevel=4 -Declipse.product=org.eclipse.jdt.ls.core.product -Djava.import.generatesMetadataFilesAtProjectRoot=false -DDetectVMInstallationsJob.disabled=true -Dfile.encoding=utf8 -XX:+UseParallelGC -XX:GCTimeRatio=4 -XX:AdaptiveSizePolicyWeight=90 -Dsun.zip.disableMemoryMapping=true -Xmx2G -Xms100m -Xlog:disable -javaagent:c:\Users\nojav\.vscode\extensions\redhat.java-1.54.0-win32-x64\lombok\lombok-1.18.39-4050.jar c:\Users\nojav\.vscode\extensions\redhat.java-1.54.0-win32-x64\server\plugins\org.eclipse.equinox.launcher_1.7.100.v20251111-0406.jar -configuration c:\Users\nojav\AppData\Roaming\Code\User\globalStorage\redhat.java\1.54.0\config_ss_win -data c:\Users\nojav\AppData\Roaming\Code\User\workspaceStorage\0a3b3a735c581494aed4731b6750e3ea\redhat.java\ss_ws --pipe=\\.\pipe\lsp-4e6c10c5ea91107c77cbdaa6efa06f59-sock

Host: AMD Ryzen 5 3550H with Radeon Vega Mobile Gfx  , 8 cores, 9G,  Windows 11 , 64 bit Build 26100 (10.0.26100.8521)
Time: Mon Jun 22 20:41:12 2026 Hora est. Sudamérica Pacífico elapsed time: 2.091258 seconds (0d 0h 0m 2s)

---------------  T H R E A D  ---------------

Current thread (0x000001b6f3e4ce20):  JavaThread "Unknown thread" [_thread_in_vm, id=23208, stack(0x000000a6a5e00000,0x000000a6a5f00000) (1024K)]

Stack: [0x000000a6a5e00000,0x000000a6a5f00000]
Native frames: (J=compiled Java code, j=interpreted, Vv=VM code, C=native code)
V  [jvm.dll+0x6d7a39]
V  [jvm.dll+0x8b4b26]
V  [jvm.dll+0x8b70de]
V  [jvm.dll+0x8b77c3]
V  [jvm.dll+0x284346]
V  [jvm.dll+0xc1277]
V  [jvm.dll+0x70bbd0]
V  [jvm.dll+0x70c73c]
V  [jvm.dll+0x6e65d3]
V  [jvm.dll+0x87f17c]
V  [jvm.dll+0x3c49fc]
V  [jvm.dll+0x867e6b]
V  [jvm.dll+0x457b31]
V  [jvm.dll+0x459721]
C  [jli.dll+0x52d0]
C  [ucrtbase.dll+0x2cd30]
C  [KERNEL32.DLL+0x2e957]
C  [ntdll.dll+0x87c1c]


---------------  P R O C E S S  ---------------

Threads class SMR info:
_java_thread_list=0x000001b6f3eb8e70, length=1, elements={
0x000001b6f3e4ce20
}

Java Threads: ( => current thread )
=>0x000001b6f3e4ce20 JavaThread "Unknown thread"             [_thread_in_vm, id=23208, stack(0x000000a6a5e00000,0x000000a6a5f00000) (1024K)]
Total: 1

Other Threads:
  0x000001b6f3cdba00 WatcherThread "VM Periodic Task Thread"        [id=21112, stack(0x000000a6a6000000,0x000000a6a6100000) (1024K)]
  0x000001b6f3e6a3e0 WorkerThread "GC Thread#0"                     [id=13968, stack(0x000000a6a5f00000,0x000000a6a6000000) (1024K)]
Total: 2

Threads with active compile tasks:
Total: 0

VM state: not at safepoint (normal execution)

VM Mutex/Monitor currently owned by a thread: None

Heap address: 0x0000000080000000, size: 2048 MB, Compressed Oops mode: 32-bit

CDS archive(s) mapped at: [0x000001b68f000000-0x000001b68fba0000-0x000001b68fba0000), size 12189696, SharedBaseAddress: 0x000001b68f000000, ArchiveRelocationMode: 1.
Compressed class space mapped at: 0x000001b690000000-0x000001b6d0000000, reserved size: 1073741824
Narrow klass base: 0x000001b68f000000, Narrow klass shift: 0, Narrow klass range: 0x100000000

GC Precious Log:
 CardTable entry size: 512
 CPUs: 8 total, 8 available
 Memory: 10178M
 Large Page Support: Disabled
 NUMA Support: Disabled
 Compressed Oops: Enabled (32-bit)
 Alignments: Space 512K, Generation 512K, Heap 2M
 Heap Min Capacity: 100M
 Heap Initial Capacity: 100M
 Heap Max Capacity: 2G
 Pre-touch: Disabled
 Parallel Workers: 8

Heap:
 PSYoungGen      total 29696K, used 512K [0x00000000d5580000, 0x00000000d7680000, 0x0000000100000000)
  eden space 25600K, 2% used [0x00000000d5580000,0x00000000d5600020,0x00000000d6e80000)
  from space 4096K, 0% used [0x00000000d7280000,0x00000000d7280000,0x00000000d7680000)
  to   space 4096K, 0% used [0x00000000d6e80000,0x00000000d6e80000,0x00000000d7280000)
 ParOldGen       total 68608K, used 0K [0x0000000080000000, 0x0000000084300000, 0x00000000d5580000)
  object space 68608K, 0% used [0x0000000080000000,0x0000000080000000,0x0000000084300000)
 Metaspace       used 0K, committed 0K, reserved 1048576K
  class space    used 0K, committed 0K, reserved 1048576K

Card table byte_map: [0x000001b6f37f0000,0x000001b6f3c00000] _byte_map_base: 0x000001b6f33f0000

Marking Bits: (ParMarkBitMap*) 0x00007ffe06da3450
 Begin Bits: [0x000001b6f7300000, 0x000001b6f9300000)
 End Bits:   [0x000001b6f9300000, 0x000001b6fb300000)

Polling page: 0x000001b6f1bf0000

Metaspace:

Usage:
  Non-class:      0 bytes used.
      Class:      0 bytes used.
       Both:      0 bytes used.

Virtual space:
  Non-class space:        0 bytes reserved,       0 bytes (  ?%) committed,  0 nodes.
      Class space:        1.00 GB reserved,       0 bytes (  0%) committed,  1 nodes.
             Both:        1.00 GB reserved,       0 bytes (  0%) committed. 

Chunk freelists:
   Non-Class:  0 bytes
       Class:  16.00 MB
        Both:  16.00 MB

MaxMetaspaceSize: unlimited
CompressedClassSpaceSize: 1.00 GB
Initial GC threshold: 21.00 MB
Current GC threshold: 17179869184.00 GB
CDS: on
 - commit_granule_bytes: 65536.
 - commit_granule_words: 8192.
 - virtual_space_node_default_size: 8388608.
 - enlarge_chunks_in_place: 1.
 - use_allocation_guard: 0.


Internal statistics:

num_allocs_failed_limit: 0.
num_arena_births: 0.
num_arena_deaths: 0.
num_vsnodes_births: 1.
num_vsnodes_deaths: 0.
num_space_committed: 0.
num_space_uncommitted: 0.
num_chunks_returned_to_freelist: 0.
num_chunks_taken_from_freelist: 1.
num_chunk_merges: 0.
num_chunk_splits: 1.
num_chunks_enlarged: 0.
num_inconsistent_stats: 0.

CodeHeap 'non-profiled nmethods': size=120000Kb used=0Kb max_used=0Kb free=120000Kb
 bounds [0x000001b687ad0000, 0x000001b687d40000, 0x000001b68f000000]
CodeHeap 'profiled nmethods': size=120000Kb used=0Kb max_used=0Kb free=120000Kb
 bounds [0x000001b680000000, 0x000001b680270000, 0x000001b687530000]
CodeHeap 'non-nmethods': size=5760Kb used=194Kb max_used=342Kb free=5565Kb
 bounds [0x000001b687530000, 0x000001b6877a0000, 0x000001b687ad0000]
CodeCache: size=245760Kb, used=194Kb, max_used=342Kb, free=245565Kb
 total_blobs=70, nmethods=0, adapters=48, full_count=0
Compilation: enabled, stopped_count=0, restarted_count=0

Compilation events (0 events):
No events

GC Heap History (0 events):
No events

Dll operation events (1 events):
Event: 0.038 Loaded shared library c:\Users\nojav\.vscode\extensions\redhat.java-1.54.0-win32-x64\jre\21.0.10-win32-x86_64\bin\java.dll

Deoptimization events (0 events):
No events

Classes loaded (0 events):
No events

Classes unloaded (0 events):
No events

Classes redefined (0 events):
No events

Internal exceptions (0 events):
No events

ZGC Phase Switch (0 events):
No events

VM Operations (0 events):
No events

Memory protections (0 events):
No events

Nmethod flushes (0 events):
No events

Events (1 events):
Event: 1.079 Thread 0x000001b6f3e4ce20 Thread added: 0x000001b6f3e4ce20


Dynamic libraries:
0x00007ff6d6dc0000 - 0x00007ff6d6dce000 	c:\Users\nojav\.vscode\extensions\redhat.java-1.54.0-win32-x64\jre\21.0.10-win32-x86_64\bin\java.exe
0x00007ffe8f4c0000 - 0x00007ffe8f726000 	C:\WINDOWS\SYSTEM32\ntdll.dll
0x00007ffe8ddd0000 - 0x00007ffe8de99000 	C:\WINDOWS\System32\KERNEL32.DLL
0x00007ffe8c950000 - 0x00007ffe8cd4a000 	C:\WINDOWS\System32\KERNELBASE.dll
0x00007ffe8d000000 - 0x00007ffe8d14c000 	C:\WINDOWS\System32\ucrtbase.dll
0x00007ffe79470000 - 0x00007ffe79488000 	c:\Users\nojav\.vscode\extensions\redhat.java-1.54.0-win32-x64\jre\21.0.10-win32-x86_64\bin\jli.dll
0x00007ffe79450000 - 0x00007ffe7946e000 	c:\Users\nojav\.vscode\extensions\redhat.java-1.54.0-win32-x64\jre\21.0.10-win32-x86_64\bin\VCRUNTIME140.dll
0x00007ffe8d4c0000 - 0x00007ffe8d687000 	C:\WINDOWS\System32\USER32.dll
0x00007ffe8d150000 - 0x00007ffe8d177000 	C:\WINDOWS\System32\win32u.dll
0x00007ffe79100000 - 0x00007ffe79392000 	C:\WINDOWS\WinSxS\amd64_microsoft.windows.common-controls_6595b64144ccf1df_6.0.26100.8521_none_3e08b75ce33403b3\COMCTL32.dll
0x00007ffe8d350000 - 0x00007ffe8d37b000 	C:\WINDOWS\System32\GDI32.dll
0x00007ffe8e5d0000 - 0x00007ffe8e679000 	C:\WINDOWS\System32\msvcrt.dll
0x00007ffe8cd50000 - 0x00007ffe8ce7b000 	C:\WINDOWS\System32\gdi32full.dll
0x00007ffe8c8a0000 - 0x00007ffe8c943000 	C:\WINDOWS\System32\msvcp_win.dll
0x00007ffe8e6f0000 - 0x00007ffe8e722000 	C:\WINDOWS\System32\IMM32.DLL
0x00007ffe86e10000 - 0x00007ffe86e1c000 	c:\Users\nojav\.vscode\extensions\redhat.java-1.54.0-win32-x64\jre\21.0.10-win32-x86_64\bin\vcruntime140_1.dll
0x00007ffe34130000 - 0x00007ffe341bd000 	c:\Users\nojav\.vscode\extensions\redhat.java-1.54.0-win32-x64\jre\21.0.10-win32-x86_64\bin\msvcp140.dll
0x00007ffe060e0000 - 0x00007ffe06e81000 	c:\Users\nojav\.vscode\extensions\redhat.java-1.54.0-win32-x64\jre\21.0.10-win32-x86_64\bin\server\jvm.dll
0x00007ffe8d400000 - 0x00007ffe8d4b6000 	C:\WINDOWS\System32\ADVAPI32.dll
0x00007ffe8da20000 - 0x00007ffe8daca000 	C:\WINDOWS\System32\sechost.dll
0x00007ffe8dc50000 - 0x00007ffe8dd68000 	C:\WINDOWS\System32\RPCRT4.dll
0x00007ffe8db00000 - 0x00007ffe8db80000 	C:\WINDOWS\System32\WS2_32.dll
0x00007ffe8c5d0000 - 0x00007ffe8c62e000 	C:\WINDOWS\SYSTEM32\POWRPROF.dll
0x00007ffe829d0000 - 0x00007ffe82a06000 	C:\WINDOWS\SYSTEM32\WINMM.dll
0x00007ffe85fe0000 - 0x00007ffe85feb000 	C:\WINDOWS\SYSTEM32\VERSION.dll
0x00007ffe8c5b0000 - 0x00007ffe8c5c4000 	C:\WINDOWS\SYSTEM32\UMPDC.dll
0x00007ffe8b4a0000 - 0x00007ffe8b4bb000 	C:\WINDOWS\SYSTEM32\kernel.appcore.dll
0x00007ffe85790000 - 0x00007ffe8579a000 	c:\Users\nojav\.vscode\extensions\redhat.java-1.54.0-win32-x64\jre\21.0.10-win32-x86_64\bin\jimage.dll
0x00007ffe82a10000 - 0x00007ffe82c52000 	C:\WINDOWS\SYSTEM32\DBGHELP.DLL
0x00007ffe8d690000 - 0x00007ffe8da13000 	C:\WINDOWS\System32\combase.dll
0x00007ffe8d260000 - 0x00007ffe8d339000 	C:\WINDOWS\System32\OLEAUT32.dll
0x00007ffe73740000 - 0x00007ffe7377b000 	C:\WINDOWS\SYSTEM32\dbgcore.DLL
0x00007ffe8d180000 - 0x00007ffe8d228000 	C:\WINDOWS\System32\bcryptPrimitives.dll
0x00007ffe85760000 - 0x00007ffe8576f000 	c:\Users\nojav\.vscode\extensions\redhat.java-1.54.0-win32-x64\jre\21.0.10-win32-x86_64\bin\instrument.dll
0x00007ffe79430000 - 0x00007ffe79450000 	c:\Users\nojav\.vscode\extensions\redhat.java-1.54.0-win32-x64\jre\21.0.10-win32-x86_64\bin\java.dll

JVMTI agents:
c:\Users\nojav\.vscode\extensions\redhat.java-1.54.0-win32-x64\lombok\lombok-1.18.39-4050.jar path:none, loaded, not initialized, instrumentlib options:none

dbghelp: loaded successfully - version: 4.0.5 - missing functions: none
symbol engine: initialized successfully - sym options: 0x614 - pdb path: .;c:\Users\nojav\.vscode\extensions\redhat.java-1.54.0-win32-x64\jre\21.0.10-win32-x86_64\bin;C:\WINDOWS\SYSTEM32;C:\WINDOWS\WinSxS\amd64_microsoft.windows.common-controls_6595b64144ccf1df_6.0.26100.8521_none_3e08b75ce33403b3;c:\Users\nojav\.vscode\extensions\redhat.java-1.54.0-win32-x64\jre\21.0.10-win32-x86_64\bin\server

VM Arguments:
jvm_args: --add-modules=ALL-SYSTEM --add-opens=java.base/java.util=ALL-UNNAMED --add-opens=java.base/java.lang=ALL-UNNAMED --add-opens=java.base/sun.nio.fs=ALL-UNNAMED -Declipse.application=org.eclipse.jdt.ls.core.id1 -Dosgi.bundles.defaultStartLevel=4 -Declipse.product=org.eclipse.jdt.ls.core.product -Djava.import.generatesMetadataFilesAtProjectRoot=false -DDetectVMInstallationsJob.disabled=true -Dfile.encoding=utf8 -XX:+UseParallelGC -XX:GCTimeRatio=4 -XX:AdaptiveSizePolicyWeight=90 -Dsun.zip.disableMemoryMapping=true -Xmx2G -Xms100m -Xlog:disable -javaagent:c:\Users\nojav\.vscode\extensions\redhat.java-1.54.0-win32-x64\lombok\lombok-1.18.39-4050.jar 
java_command: c:\Users\nojav\.vscode\extensions\redhat.java-1.54.0-win32-x64\server\plugins\org.eclipse.equinox.launcher_1.7.100.v20251111-0406.jar -configuration c:\Users\nojav\AppData\Roaming\Code\User\globalStorage\redhat.java\1.54.0\config_ss_win -data c:\Users\nojav\AppData\Roaming\Code\User\workspaceStorage\0a3b3a735c581494aed4731b6750e3ea\redhat.java\ss_ws --pipe=\\.\pipe\lsp-4e6c10c5ea91107c77cbdaa6efa06f59-sock
java_class_path (initial): c:\Users\nojav\.vscode\extensions\redhat.java-1.54.0-win32-x64\server\plugins\org.eclipse.equinox.launcher_1.7.100.v20251111-0406.jar
Launcher Type: SUN_STANDARD

[Global flags]
    uintx AdaptiveSizePolicyWeight                 = 90                                        {product} {command line}
     intx CICompilerCount                          = 4                                         {product} {ergonomic}
    uintx GCTimeRatio                              = 4                                         {product} {command line}
   size_t InitialHeapSize                          = 104857600                                 {product} {command line}
   size_t MaxHeapSize                              = 2147483648                                {product} {command line}
   size_t MaxNewSize                               = 715653120                                 {product} {ergonomic}
   size_t MinHeapDeltaBytes                        = 524288                                    {product} {ergonomic}
   size_t MinHeapSize                              = 104857600                                 {product} {command line}
   size_t NewSize                                  = 34603008                                  {product} {ergonomic}
    uintx NonNMethodCodeHeapSize                   = 5839372                                {pd product} {ergonomic}
    uintx NonProfiledCodeHeapSize                  = 122909434                              {pd product} {ergonomic}
   size_t OldSize                                  = 70254592                                  {product} {ergonomic}
    uintx ProfiledCodeHeapSize                     = 122909434                              {pd product} {ergonomic}
    uintx ReservedCodeCacheSize                    = 251658240                              {pd product} {ergonomic}
     bool SegmentedCodeCache                       = true                                      {product} {ergonomic}
   size_t SoftMaxHeapSize                          = 2147483648                             {manageable} {ergonomic}
     bool UseCompressedOops                        = true                           {product lp64_product} {ergonomic}
     bool UseLargePagesIndividualAllocation        = false                                  {pd product} {ergonomic}
     bool UseParallelGC                            = true                                      {product} {command line}

Logging:
Log output configuration:
 #0: stdout all=off uptime,level,tags foldmultilines=false
 #1: stderr all=off uptime,level,tags foldmultilines=false

Release file:
<release file has not been read>
Environment Variables:
JAVA_HOME=C:\Program Files\RedHat\java-21-openjdk-21.0.11.0.10-1
PATH=C:\WINDOWS\system32;C:\WINDOWS;C:\WINDOWS\System32\Wbem;C:\WINDOWS\System32\WindowsPowerShell\v1.0\;C:\WINDOWS\System32\OpenSSH\;C:\Program Files\RedHat\java-21-openjdk-21.0.11.0.10-1\bin;C:\Program Files\Git\cmd;C:\Program Files\nodejs\;C:\Program Files\RedHat\java-21-openjdk-21.0.11.0.10-1\bin;;C:\Program Files\Docker\Docker\resources\bin;C:\Users\nojav\AppData\Local\Microsoft\WindowsApps;C:\Users\nojav\AppData\Local\Programs\Microsoft VS Code\bin;C:\Users\nojav\AppData\Local\Programs\Windsurf\bin;C:\Users\nojav\AppData\Roaming\npm
USERNAME=nojav
OS=Windows_NT
PROCESSOR_IDENTIFIER=AMD64 Family 23 Model 24 Stepping 1, AuthenticAMD
TMP=C:\Users\nojav\AppData\Local\Temp
TEMP=C:\Users\nojav\AppData\Local\Temp




Periodic native trim disabled

---------------  S Y S T E M  ---------------

OS:
 Windows 11 , 64 bit Build 26100 (10.0.26100.8521)
OS uptime: 0 days 14:05 hours
Hyper-V role detected

CPU: total 8 (initial active 8) (8 cores per cpu, 2 threads per core) family 23 model 24 stepping 1 microcode 0x8108109, cx8, cmov, fxsr, ht, mmx, 3dnowpref, sse, sse2, sse3, ssse3, sse4a, sse4.1, sse4.2, popcnt, lzcnt, tsc, tscinvbit, avx, avx2, aes, clmul, bmi1, bmi2, adx, sha, fma, vzeroupper, clflush, clflushopt, hv, rdtscp, f16c
Processor Information for the first 8 processors :
  Max Mhz: 2100, Current Mhz: 2100, Mhz Limit: 2100

Memory: 4k page, system-wide physical 10178M (1033M free)
TotalPageFile size 25183M (AvailPageFile size 236M)
current process WorkingSet (physical memory assigned to process): 26M, peak: 26M
current process commit charge ("private bytes"): 194M, peak: 195M

vm_info: OpenJDK 64-Bit Server VM (21.0.10+7-LTS) for windows-amd64 JRE (21.0.10+7-LTS), built on 2026-01-20T00:00:00Z by "admin" with MS VC++ 17.12 (VS2022)

END.
